-- The C compiler identification is GNU 13.3.0
-- The CXX compiler identification is GNU 13.3.0
-- Detecting C compiler ABI info
-- Detecting C compiler ABI info - done
-- Check for working C compiler: /usr/bin/cc - skipped
-- Detecting C compile features
-- Detecting C compile features - done
-- Detecting CXX compiler ABI info
-- Detecting CXX compiler ABI info - done
-- Check for working CXX compiler: /usr/bin/c++ - skipped
-- Detecting CXX compile features
-- Detecting CXX compile features - done
-- Found ament_cmake: 2.5.4 (/opt/ros/jazzy/share/ament_cmake/cmake)
-- Found Python3: /usr/bin/python3 (found version "3.12.3") found components: Interpreter 
-- Found rosidl_default_generators: 1.6.0 (/opt/ros/jazzy/share/rosidl_default_generators/cmake)
-- Using all available rosidl_typesupport_c: rosidl_typesupport_fastrtps_c;rosidl_typesupport_introspection_c
-- Using all available rosidl_typesupport_cpp: rosidl_typesupport_fastrtps_cpp;rosidl_typesupport_introspection_cpp
-- Found rosidl_adapter: 4.6.6 (/opt/ros/jazzy/share/rosidl_adapter/cmake)
-- Found builtin_interfaces: 2.0.3 (/opt/ros/jazzy/share/builtin_interfaces/cmake)
-- Found std_msgs: 5.3.6 (/opt/ros/jazzy/share/std_msgs/cmake)
-- Found ament_cmake_cppcheck: 0.17.3 (/opt/ros/jazzy/share/ament_cmake_cppcheck/cmake)
-- Found ament_cmake_cpplint: 0.17.3 (/opt/ros/jazzy/share/ament_cmake_cpplint/cmake)
-- Found ament_cmake_uncrustify: 0.17.3 (/opt/ros/jazzy/share/ament_cmake_uncrustify/cmake)
-- Found ament_cmake_ros: 0.12.0 (/opt/ros/jazzy/share/ament_cmake_ros/cmake)
-- Using all available rosidl_typesupport_c: rosidl_typesupport_fastrtps_c;rosidl_typesupport_introspection_c
-- Using all available rosidl_typesupport_cpp: rosidl_typesupport_fastrtps_cpp;rosidl_typesupport_introspection_cpp
-- Found python_cmake_module: 0.11.1 (/opt/ros/jazzy/share/python_cmake_module/cmake)
-- Found PythonExtra: /usr/bin/python3  
-- Found Python3: /usr/bin/python3 (found version "3.12.3") found components: Interpreter Development NumPy Development.Module Development.Embed 
-- Found ament_cmake_flake8: 0.17.3 (/opt/ros/jazzy/share/ament_cmake_flake8/cmake)
-- Found ament_cmake_pep257: 0.17.3 (/opt/ros/jazzy/share/ament_cmake_pep257/cmake)
-- Configuring done (2.7s)
-- Generating done (0.0s)
-- Build files have been written to: /workspace/ros2_ws/build/realsense_camera_msgs
[  2%] [34m[1mGenerating type hashes for ROS interfaces[0m
[  2%] Built target ament_cmake_python_copy_realsense_camera_msgs
running egg_info
creating realsense_camera_msgs.egg-info
[  2%] Built target realsense_camera_msgs__rosidl_generator_type_description
writing realsense_camera_msgs.egg-info/PKG-INFO
writing dependency_links to realsense_camera_msgs.egg-info/dependency_links.txt
writing top-level names to realsense_camera_msgs.egg-info/top_level.txt
writing manifest file 'realsense_camera_msgs.egg-info/SOURCES.txt'
[  4%] [34m[1mGenerating C code for ROS interfaces[0m
[  6%] [34m[1mGenerating C++ code for ROS interfaces[0m
reading manifest file 'realsense_camera_msgs.egg-info/SOURCES.txt'
writing manifest file 'realsense_camera_msgs.egg-info/SOURCES.txt'
[  6%] Built target ament_cmake_python_build_realsense_camera_msgs_egg
[  6%] Built target realsense_camera_msgs__cpp
[  9%] [32mBuilding C object CMakeFiles/realsense_camera_msgs__rosidl_generator_c.dir/rosidl_generator_c/realsense_camera_msgs/msg/detail/imu_info__description.c.o[0m
[ 13%] [32mBuilding C object CMakeFiles/realsense_camera_msgs__rosidl_generator_c.dir/rosidl_generator_c/realsense_camera_msgs/msg/detail/extrinsics__description.c.o[0m
[ 13%] [32mBuilding C object CMakeFiles/realsense_camera_msgs__rosidl_generator_c.dir/rosidl_generator_c/realsense_camera_msgs/msg/detail/imu_info__type_support.c.o[0m
[ 15%] [32mBuilding C object CMakeFiles/realsense_camera_msgs__rosidl_generator_c.dir/rosidl_generator_c/realsense_camera_msgs/msg/detail/imu_info__functions.c.o[0m
[ 18%] [32mBuilding C object CMakeFiles/realsense_camera_msgs__rosidl_generator_c.dir/rosidl_generator_c/realsense_camera_msgs/msg/detail/extrinsics__type_support.c.o[0m
[ 20%] [32mBuilding C object CMakeFiles/realsense_camera_msgs__rosidl_generator_c.dir/rosidl_generator_c/realsense_camera_msgs/msg/detail/extrinsics__functions.c.o[0m
[ 22%] [32m[1mLinking C shared library librealsense_camera_msgs__rosidl_generator_c.so[0m
[ 22%] Built target realsense_camera_msgs__rosidl_generator_c
[ 31%] [34m[1mGenerating C++ type support dispatch for ROS interfaces[0m
[ 31%] [34m[1mGenerating C type support dispatch for ROS interfaces[0m
[ 31%] [34m[1mGenerating C introspection for ROS interfaces[0m
[ 31%] [34m[1mGenerating C type support for eProsima Fast-RTPS[0m
[ 34%] [34m[1mGenerating C++ introspection for ROS interfaces[0m
[ 36%] [34m[1mGenerating C++ type support for eProsima Fast-RTPS[0m
[ 38%] [32mBuilding CXX object CMakeFiles/realsense_camera_msgs__rosidl_typesupport_cpp.dir/rosidl_typesupport_cpp/realsense_camera_msgs/msg/imu_info__type_support.cpp.o[0m
[ 40%] [32mBuilding CXX object CMakeFiles/realsense_camera_msgs__rosidl_typesupport_c.dir/rosidl_typesupport_c/realsense_camera_msgs/msg/imu_info__type_support.cpp.o[0m
[ 43%] [32mBuilding CXX object CMakeFiles/realsense_camera_msgs__rosidl_typesupport_c.dir/rosidl_typesupport_c/realsense_camera_msgs/msg/extrinsics__type_support.cpp.o[0m
[ 45%] [32mBuilding CXX object CMakeFiles/realsense_camera_msgs__rosidl_typesupport_introspection_cpp.dir/rosidl_typesupport_introspection_cpp/realsense_camera_msgs/msg/detail/imu_info__type_support.cpp.o[0m
[ 47%] [32mBuilding CXX object CMakeFiles/realsense_camera_msgs__rosidl_typesupport_introspection_cpp.dir/rosidl_typesupport_introspection_cpp/realsense_camera_msgs/msg/detail/extrinsics__type_support.cpp.o[0m
[ 50%] [32mBuilding C object CMakeFiles/realsense_camera_msgs__rosidl_typesupport_introspection_c.dir/rosidl_typesupport_introspection_c/realsense_camera_msgs/msg/detail/imu_info__type_support.c.o[0m
[ 52%] [32mBuilding CXX object CMakeFiles/realsense_camera_msgs__rosidl_typesupport_fastrtps_cpp.dir/rosidl_typesupport_fastrtps_cpp/realsense_camera_msgs/msg/detail/dds_fastrtps/imu_info__type_support.cpp.o[0m
[ 54%] [32mBuilding C object CMakeFiles/realsense_camera_msgs__rosidl_typesupport_introspection_c.dir/rosidl_typesupport_introspection_c/realsense_camera_msgs/msg/detail/extrinsics__type_support.c.o[0m
[ 56%] [32m[1mLinking CXX shared library librealsense_camera_msgs__rosidl_typesupport_c.so[0m
[ 59%] [32mBuilding CXX object CMakeFiles/realsense_camera_msgs__rosidl_typesupport_fastrtps_c.dir/rosidl_typesupport_fastrtps_c/realsense_camera_msgs/msg/detail/imu_info__type_support_c.cpp.o[0m
[ 61%] [32mBuilding CXX object CMakeFiles/realsense_camera_msgs__rosidl_typesupport_fastrtps_cpp.dir/rosidl_typesupport_fastrtps_cpp/realsense_camera_msgs/msg/detail/dds_fastrtps/extrinsics__type_support.cpp.o[0m
[ 61%] Built target realsense_camera_msgs__rosidl_typesupport_c
[ 63%] [32mBuilding CXX object CMakeFiles/realsense_camera_msgs__rosidl_typesupport_cpp.dir/rosidl_typesupport_cpp/realsense_camera_msgs/msg/extrinsics__type_support.cpp.o[0m
[ 65%] [32m[1mLinking C shared library librealsense_camera_msgs__rosidl_typesupport_introspection_c.so[0m
[ 65%] Built target realsense_camera_msgs__rosidl_typesupport_introspection_c
[ 68%] [32mBuilding CXX object CMakeFiles/realsense_camera_msgs__rosidl_typesupport_fastrtps_c.dir/rosidl_typesupport_fastrtps_c/realsense_camera_msgs/msg/detail/extrinsics__type_support_c.cpp.o[0m
[ 70%] [32m[1mLinking CXX shared library librealsense_camera_msgs__rosidl_typesupport_introspection_cpp.so[0m
[ 72%] [32m[1mLinking CXX shared library librealsense_camera_msgs__rosidl_typesupport_cpp.so[0m
[ 72%] Built target realsense_camera_msgs__rosidl_typesupport_cpp
[ 72%] Built target realsense_camera_msgs__rosidl_typesupport_introspection_cpp
[ 75%] [32m[1mLinking CXX shared library librealsense_camera_msgs__rosidl_typesupport_fastrtps_cpp.so[0m
[ 77%] [32m[1mLinking CXX shared library librealsense_camera_msgs__rosidl_typesupport_fastrtps_c.so[0m
[ 77%] Built target realsense_camera_msgs__rosidl_typesupport_fastrtps_cpp
[ 77%] Built target realsense_camera_msgs__rosidl_typesupport_fastrtps_c
[ 77%] Built target realsense_camera_msgs
[ 79%] [34m[1mGenerating Python code for ROS interfaces[0m
[ 79%] Built target realsense_camera_msgs__py
[ 84%] [32mBuilding C object CMakeFiles/realsense_camera_msgs__rosidl_generator_py.dir/rosidl_generator_py/realsense_camera_msgs/msg/_extrinsics_s.c.o[0m
[ 84%] [32mBuilding C object CMakeFiles/realsense_camera_msgs__rosidl_generator_py.dir/rosidl_generator_py/realsense_camera_msgs/msg/_imu_info_s.c.o[0m
[ 86%] [32m[1mLinking C shared library librealsense_camera_msgs__rosidl_generator_py.so[0m
[ 86%] Built target realsense_camera_msgs__rosidl_generator_py
[ 90%] [32mBuilding C object CMakeFiles/realsense_camera_msgs_s__rosidl_typesupport_c.dir/rosidl_generator_py/realsense_camera_msgs/_realsense_camera_msgs_s.ep.rosidl_typesupport_c.c.o[0m
[ 90%] [32mBuilding C object CMakeFiles/realsense_camera_msgs_s__rosidl_typesupport_introspection_c.dir/rosidl_generator_py/realsense_camera_msgs/_realsense_camera_msgs_s.ep.rosidl_typesupport_introspection_c.c.o[0m
[ 93%] [32mBuilding C object CMakeFiles/realsense_camera_msgs_s__rosidl_typesupport_fastrtps_c.dir/rosidl_generator_py/realsense_camera_msgs/_realsense_camera_msgs_s.ep.rosidl_typesupport_fastrtps_c.c.o[0m
[ 95%] [32m[1mLinking C shared module rosidl_generator_py/realsense_camera_msgs/realsense_camera_msgs_s__rosidl_typesupport_c.so[0m
[ 97%] [32m[1mLinking C shared module rosidl_generator_py/realsense_camera_msgs/realsense_camera_msgs_s__rosidl_typesupport_introspection_c.so[0m
[100%] [32m[1mLinking C shared module rosidl_generator_py/realsense_camera_msgs/realsense_camera_msgs_s__rosidl_typesupport_fastrtps_c.so[0m
[100%] Built target realsense_camera_msgs_s__rosidl_typesupport_c
[100%] Built target realsense_camera_msgs_s__rosidl_typesupport_introspection_c
[100%] Built target realsense_camera_msgs_s__rosidl_typesupport_fastrtps_c
-- Install configuration: ""
-- Installing: /workspace/ros2_ws/install/realsense_camera_msgs/share/ament_index/resource_index/rosidl_interfaces/realsense_camera_msgs
-- Installing: /workspace/ros2_ws/install/realsense_camera_msgs/share/realsense_camera_msgs/msg/IMUInfo.json
-- Installing: /workspace/ros2_ws/install/realsense_camera_msgs/share/realsense_camera_msgs/msg/Extrinsics.json
-- Installing: /workspace/ros2_ws/install/realsense_camera_msgs/include/realsense_camera_msgs/realsense_camera_msgs
-- Installing: /workspace/ros2_ws/install/realsense_camera_msgs/include/realsense_camera_msgs/realsense_camera_msgs/msg
-- Installing: /workspace/ros2_ws/install/realsense_camera_msgs/include/realsense_camera_msgs/realsense_camera_msgs/msg/extrinsics.h
-- Installing: /workspace/ros2_ws/install/realsense_camera_msgs/include/realsense_camera_msgs/realsense_camera_msgs/msg/imu_info.h
-- Installing: /workspace/ros2_ws/install/realsense_camera_msgs/include/realsense_camera_msgs/realsense_camera_msgs/msg/rosidl_generator_c__visibility_control.h
-- Installing: /workspace/ros2_ws/install/realsense_camera_msgs/include/realsense_camera_msgs/realsense_camera_msgs/msg/detail
-- Installing: /workspace/ros2_ws/install/realsense_camera_msgs/include/realsense_camera_msgs/realsense_camera_msgs/msg/detail/imu_info__type_support.h
-- Installing: /workspace/ros2_ws/install/realsense_camera_msgs/include/realsense_camera_msgs/realsense_camera_msgs/msg/detail/imu_info__struct.h
-- Installing: /workspace/ros2_ws/install/realsense_camera_msgs/include/realsense_camera_msgs/realsense_camera_msgs/msg/detail/imu_info__type_support.c
-- Installing: /workspace/ros2_ws/install/realsense_camera_msgs/include/realsense_camera_msgs/realsense_camera_msgs/msg/detail/imu_info__description.c
-- Installing: /workspace/ros2_ws/install/realsense_camera_msgs/include/realsense_camera_msgs/realsense_camera_msgs/msg/detail/imu_info__functions.h
-- Installing: /workspace/ros2_ws/install/realsense_camera_msgs/include/realsense_camera_msgs/realsense_camera_msgs/msg/detail/extrinsics__struct.h
-- Installing: /workspace/ros2_ws/install/realsense_camera_msgs/include/realsense_camera_msgs/realsense_camera_msgs/msg/detail/extrinsics__type_support.c
-- Installing: /workspace/ros2_ws/install/realsense_camera_msgs/include/realsense_camera_msgs/realsense_camera_msgs/msg/detail/extrinsics__type_support.h
-- Installing: /workspace/ros2_ws/install/realsense_camera_msgs/include/realsense_camera_msgs/realsense_camera_msgs/msg/detail/extrinsics__functions.h
-- Installing: /workspace/ros2_ws/install/realsense_camera_msgs/include/realsense_camera_msgs/realsense_camera_msgs/msg/detail/imu_info__functions.c
-- Installing: /workspace/ros2_ws/install/realsense_camera_msgs/include/realsense_camera_msgs/realsense_camera_msgs/msg/detail/extrinsics__functions.c
-- Installing: /workspace/ros2_ws/install/realsense_camera_msgs/include/realsense_camera_msgs/realsense_camera_msgs/msg/detail/extrinsics__description.c
-- Installing: /workspace/ros2_ws/install/realsense_camera_msgs/share/realsense_camera_msgs/environment/library_path.sh
-- Installing: /workspace/ros2_ws/install/realsense_camera_msgs/share/realsense_camera_msgs/environment/library_path.dsv
-- Installing: /workspace/ros2_ws/install/realsense_camera_msgs/lib/librealsense_camera_msgs__rosidl_generator_c.so
-- Set non-toolchain portion of runtime path of "/workspace/ros2_ws/install/realsense_camera_msgs/lib/librealsense_camera_msgs__rosidl_generator_c.so" to ""
-- Up-to-date: /workspace/ros2_ws/install/realsense_camera_msgs/include/realsense_camera_msgs/realsense_camera_msgs
-- Up-to-date: /workspace/ros2_ws/install/realsense_camera_msgs/include/realsense_camera_msgs/realsense_camera_msgs/msg
-- Installing: /workspace/ros2_ws/install/realsense_camera_msgs/include/realsense_camera_msgs/realsense_camera_msgs/msg/rosidl_typesupport_fastrtps_c__visibility_control.h
-- Up-to-date: /workspace/ros2_ws/install/realsense_camera_msgs/include/realsense_camera_msgs/realsense_camera_msgs/msg/detail
-- Installing: /workspace/ros2_ws/install/realsense_camera_msgs/include/realsense_camera_msgs/realsense_camera_msgs/msg/detail/imu_info__rosidl_typesupport_fastrtps_c.h
-- Installing: /workspace/ros2_ws/install/realsense_camera_msgs/include/realsense_camera_msgs/realsense_camera_msgs/msg/detail/extrinsics__rosidl_typesupport_fastrtps_c.h
-- Installing: /workspace/ros2_ws/install/realsense_camera_msgs/lib/librealsense_camera_msgs__rosidl_typesupport_fastrtps_c.so
-- Set non-toolchain portion of runtime path of "/workspace/ros2_ws/install/realsense_camera_msgs/lib/librealsense_camera_msgs__rosidl_typesupport_fastrtps_c.so" to ""
-- Up-to-date: /workspace/ros2_ws/install/realsense_camera_msgs/include/realsense_camera_msgs/realsense_camera_msgs
-- Up-to-date: /workspace/ros2_ws/install/realsense_camera_msgs/include/realsense_camera_msgs/realsense_camera_msgs/msg
-- Installing: /workspace/ros2_ws/install/realsense_camera_msgs/include/realsense_camera_msgs/realsense_camera_msgs/msg/rosidl_typesupport_introspection_c__visibility_control.h
-- Up-to-date: /workspace/ros2_ws/install/realsense_camera_msgs/include/realsense_camera_msgs/realsense_camera_msgs/msg/detail
-- Installing: /workspace/ros2_ws/install/realsense_camera_msgs/include/realsense_camera_msgs/realsense_camera_msgs/msg/detail/extrinsics__rosidl_typesupport_introspection_c.h
-- Up-to-date: /workspace/ros2_ws/install/realsense_camera_msgs/include/realsense_camera_msgs/realsense_camera_msgs/msg/detail/imu_info__type_support.c
-- Installing: /workspace/ros2_ws/install/realsense_camera_msgs/include/realsense_camera_msgs/realsense_camera_msgs/msg/detail/extrinsics__type_support.c
-- Installing: /workspace/ros2_ws/install/realsense_camera_msgs/include/realsense_camera_msgs/realsense_camera_msgs/msg/detail/imu_info__rosidl_typesupport_introspection_c.h
-- Installing: /workspace/ros2_ws/install/realsense_camera_msgs/lib/librealsense_camera_msgs__rosidl_typesupport_introspection_c.so
-- Set non-toolchain portion of runtime path of "/workspace/ros2_ws/install/realsense_camera_msgs/lib/librealsense_camera_msgs__rosidl_typesupport_introspection_c.so" to ""
-- Installing: /workspace/ros2_ws/install/realsense_camera_msgs/lib/librealsense_camera_msgs__rosidl_typesupport_c.so
-- Set non-toolchain portion of runtime path of "/workspace/ros2_ws/install/realsense_camera_msgs/lib/librealsense_camera_msgs__rosidl_typesupport_c.so" to ""
-- Up-to-date: /workspace/ros2_ws/install/realsense_camera_msgs/include/realsense_camera_msgs/realsense_camera_msgs
-- Up-to-date: /workspace/ros2_ws/install/realsense_camera_msgs/include/realsense_camera_msgs/realsense_camera_msgs/msg
-- Installing: /workspace/ros2_ws/install/realsense_camera_msgs/include/realsense_camera_msgs/realsense_camera_msgs/msg/extrinsics.hpp
-- Installing: /workspace/ros2_ws/install/realsense_camera_msgs/include/realsense_camera_msgs/realsense_camera_msgs/msg/rosidl_generator_cpp__visibility_control.hpp
-- Installing: /workspace/ros2_ws/install/realsense_camera_msgs/include/realsense_camera_msgs/realsense_camera_msgs/msg/imu_info.hpp
-- Up-to-date: /workspace/ros2_ws/install/realsense_camera_msgs/include/realsense_camera_msgs/realsense_camera_msgs/msg/detail
-- Installing: /workspace/ros2_ws/install/realsense_camera_msgs/include/realsense_camera_msgs/realsense_camera_msgs/msg/detail/extrinsics__type_support.hpp
-- Installing: /workspace/ros2_ws/install/realsense_camera_msgs/include/realsense_camera_msgs/realsense_camera_msgs/msg/detail/imu_info__struct.hpp
-- Installing: /workspace/ros2_ws/install/realsense_camera_msgs/include/realsense_camera_msgs/realsense_camera_msgs/msg/detail/extrinsics__builder.hpp
-- Installing: /workspace/ros2_ws/install/realsense_camera_msgs/include/realsense_camera_msgs/realsense_camera_msgs/msg/detail/extrinsics__struct.hpp
-- Installing: /workspace/ros2_ws/install/realsense_camera_msgs/include/realsense_camera_msgs/realsense_camera_msgs/msg/detail/imu_info__type_support.hpp
-- Installing: /workspace/ros2_ws/install/realsense_camera_msgs/include/realsense_camera_msgs/realsense_camera_msgs/msg/detail/extrinsics__traits.hpp
-- Installing: /workspace/ros2_ws/install/realsense_camera_msgs/include/realsense_camera_msgs/realsense_camera_msgs/msg/detail/imu_info__traits.hpp
-- Installing: /workspace/ros2_ws/install/realsense_camera_msgs/include/realsense_camera_msgs/realsense_camera_msgs/msg/detail/imu_info__builder.hpp
-- Up-to-date: /workspace/ros2_ws/install/realsense_camera_msgs/include/realsense_camera_msgs/realsense_camera_msgs
-- Up-to-date: /workspace/ros2_ws/install/realsense_camera_msgs/include/realsense_camera_msgs/realsense_camera_msgs/msg
-- Installing: /workspace/ros2_ws/install/realsense_camera_msgs/include/realsense_camera_msgs/realsense_camera_msgs/msg/rosidl_typesupport_fastrtps_cpp__visibility_control.h
-- Up-to-date: /workspace/ros2_ws/install/realsense_camera_msgs/include/realsense_camera_msgs/realsense_camera_msgs/msg/detail
-- Installing: /workspace/ros2_ws/install/realsense_camera_msgs/include/realsense_camera_msgs/realsense_camera_msgs/msg/detail/imu_info__rosidl_typesupport_fastrtps_cpp.hpp
-- Installing: /workspace/ros2_ws/install/realsense_camera_msgs/include/realsense_camera_msgs/realsense_camera_msgs/msg/detail/dds_fastrtps
-- Installing: /workspace/ros2_ws/install/realsense_camera_msgs/include/realsense_camera_msgs/realsense_camera_msgs/msg/detail/extrinsics__rosidl_typesupport_fastrtps_cpp.hpp
-- Installing: /workspace/ros2_ws/install/realsense_camera_msgs/lib/librealsense_camera_msgs__rosidl_typesupport_fastrtps_cpp.so
-- Set non-toolchain portion of runtime path of "/workspace/ros2_ws/install/realsense_camera_msgs/lib/librealsense_camera_msgs__rosidl_typesupport_fastrtps_cpp.so" to ""
-- Up-to-date: /workspace/ros2_ws/install/realsense_camera_msgs/include/realsense_camera_msgs/realsense_camera_msgs
-- Up-to-date: /workspace/ros2_ws/install/realsense_camera_msgs/include/realsense_camera_msgs/realsense_camera_msgs/msg
-- Up-to-date: /workspace/ros2_ws/install/realsense_camera_msgs/include/realsense_camera_msgs/realsense_camera_msgs/msg/detail
-- Installing: /workspace/ros2_ws/install/realsense_camera_msgs/include/realsense_camera_msgs/realsense_camera_msgs/msg/detail/extrinsics__type_support.cpp
-- Installing: /workspace/ros2_ws/install/realsense_camera_msgs/include/realsense_camera_msgs/realsense_camera_msgs/msg/detail/imu_info__type_support.cpp
-- Installing: /workspace/ros2_ws/install/realsense_camera_msgs/include/realsense_camera_msgs/realsense_camera_msgs/msg/detail/extrinsics__rosidl_typesupport_introspection_cpp.hpp
-- Installing: /workspace/ros2_ws/install/realsense_camera_msgs/include/realsense_camera_msgs/realsense_camera_msgs/msg/detail/imu_info__rosidl_typesupport_introspection_cpp.hpp
-- Installing: /workspace/ros2_ws/install/realsense_camera_msgs/lib/librealsense_camera_msgs__rosidl_typesupport_introspection_cpp.so
-- Set non-toolchain portion of runtime path of "/workspace/ros2_ws/install/realsense_camera_msgs/lib/librealsense_camera_msgs__rosidl_typesupport_introspection_cpp.so" to ""
-- Installing: /workspace/ros2_ws/install/realsense_camera_msgs/lib/librealsense_camera_msgs__rosidl_typesupport_cpp.so
-- Set non-toolchain portion of runtime path of "/workspace/ros2_ws/install/realsense_camera_msgs/lib/librealsense_camera_msgs__rosidl_typesupport_cpp.so" to ""
-- Installing: /workspace/ros2_ws/install/realsense_camera_msgs/share/realsense_camera_msgs/environment/pythonpath.sh
-- Installing: /workspace/ros2_ws/install/realsense_camera_msgs/share/realsense_camera_msgs/environment/pythonpath.dsv
-- Installing: /workspace/ros2_ws/install/realsense_camera_msgs/lib/python3.12/site-packages/realsense_camera_msgs-2.0.4-py3.12.egg-info
-- Installing: /workspace/ros2_ws/install/realsense_camera_msgs/lib/python3.12/site-packages/realsense_camera_msgs-2.0.4-py3.12.egg-info/dependency_links.txt
-- Installing: /workspace/ros2_ws/install/realsense_camera_msgs/lib/python3.12/site-packages/realsense_camera_msgs-2.0.4-py3.12.egg-info/SOURCES.txt
-- Installing: /workspace/ros2_ws/install/realsense_camera_msgs/lib/python3.12/site-packages/realsense_camera_msgs-2.0.4-py3.12.egg-info/top_level.txt
-- Installing: /workspace/ros2_ws/install/realsense_camera_msgs/lib/python3.12/site-packages/realsense_camera_msgs-2.0.4-py3.12.egg-info/PKG-INFO
-- Installing: /workspace/ros2_ws/install/realsense_camera_msgs/lib/python3.12/site-packages/realsense_camera_msgs
-- Installing: /workspace/ros2_ws/install/realsense_camera_msgs/lib/python3.12/site-packages/realsense_camera_msgs/realsense_camera_msgs_s__rosidl_typesupport_c.so
-- Installing: /workspace/ros2_ws/install/realsense_camera_msgs/lib/python3.12/site-packages/realsense_camera_msgs/_realsense_camera_msgs_s.ep.rosidl_typesupport_fastrtps_c.c
-- Installing: /workspace/ros2_ws/install/realsense_camera_msgs/lib/python3.12/site-packages/realsense_camera_msgs/_realsense_camera_msgs_s.ep.rosidl_typesupport_introspection_c.c
-- Installing: /workspace/ros2_ws/install/realsense_camera_msgs/lib/python3.12/site-packages/realsense_camera_msgs/realsense_camera_msgs_s__rosidl_typesupport_fastrtps_c.so
-- Installing: /workspace/ros2_ws/install/realsense_camera_msgs/lib/python3.12/site-packages/realsense_camera_msgs/msg
-- Installing: /workspace/ros2_ws/install/realsense_camera_msgs/lib/python3.12/site-packages/realsense_camera_msgs/msg/_extrinsics.py
-- Installing: /workspace/ros2_ws/install/realsense_camera_msgs/lib/python3.12/site-packages/realsense_camera_msgs/msg/_extrinsics_s.c
-- Installing: /workspace/ros2_ws/install/realsense_camera_msgs/lib/python3.12/site-packages/realsense_camera_msgs/msg/__init__.py
-- Installing: /workspace/ros2_ws/install/realsense_camera_msgs/lib/python3.12/site-packages/realsense_camera_msgs/msg/_imu_info.py
-- Installing: /workspace/ros2_ws/install/realsense_camera_msgs/lib/python3.12/site-packages/realsense_camera_msgs/msg/_imu_info_s.c
-- Installing: /workspace/ros2_ws/install/realsense_camera_msgs/lib/python3.12/site-packages/realsense_camera_msgs/__init__.py
-- Installing: /workspace/ros2_ws/install/realsense_camera_msgs/lib/python3.12/site-packages/realsense_camera_msgs/realsense_camera_msgs_s__rosidl_typesupport_introspection_c.so
-- Installing: /workspace/ros2_ws/install/realsense_camera_msgs/lib/python3.12/site-packages/realsense_camera_msgs/_realsense_camera_msgs_s.ep.rosidl_typesupport_c.c
Listing '/workspace/ros2_ws/install/realsense_camera_msgs/lib/python3.12/site-packages/realsense_camera_msgs'...
Compiling '/workspace/ros2_ws/install/realsense_camera_msgs/lib/python3.12/site-packages/realsense_camera_msgs/__init__.py'...
Listing '/workspace/ros2_ws/install/realsense_camera_msgs/lib/python3.12/site-packages/realsense_camera_msgs/msg'...
Compiling '/workspace/ros2_ws/install/realsense_camera_msgs/lib/python3.12/site-packages/realsense_camera_msgs/msg/__init__.py'...
Compiling '/workspace/ros2_ws/install/realsense_camera_msgs/lib/python3.12/site-packages/realsense_camera_msgs/msg/_extrinsics.py'...
Compiling '/workspace/ros2_ws/install/realsense_camera_msgs/lib/python3.12/site-packages/realsense_camera_msgs/msg/_imu_info.py'...
-- Installing: /workspace/ros2_ws/install/realsense_camera_msgs/lib/python3.12/site-packages/realsense_camera_msgs/realsense_camera_msgs_s__rosidl_typesupport_fastrtps_c.so
-- Set non-toolchain portion of runtime path of "/workspace/ros2_ws/install/realsense_camera_msgs/lib/python3.12/site-packages/realsense_camera_msgs/realsense_camera_msgs_s__rosidl_typesupport_fastrtps_c.so" to ""
-- Installing: /workspace/ros2_ws/install/realsense_camera_msgs/lib/python3.12/site-packages/realsense_camera_msgs/realsense_camera_msgs_s__rosidl_typesupport_introspection_c.so
-- Set non-toolchain portion of runtime path of "/workspace/ros2_ws/install/realsense_camera_msgs/lib/python3.12/site-packages/realsense_camera_msgs/realsense_camera_msgs_s__rosidl_typesupport_introspection_c.so" to ""
-- Installing: /workspace/ros2_ws/install/realsense_camera_msgs/lib/python3.12/site-packages/realsense_camera_msgs/realsense_camera_msgs_s__rosidl_typesupport_c.so
-- Set non-toolchain portion of runtime path of "/workspace/ros2_ws/install/realsense_camera_msgs/lib/python3.12/site-packages/realsense_camera_msgs/realsense_camera_msgs_s__rosidl_typesupport_c.so" to ""
-- Installing: /workspace/ros2_ws/install/realsense_camera_msgs/lib/librealsense_camera_msgs__rosidl_generator_py.so
-- Set non-toolchain portion of runtime path of "/workspace/ros2_ws/install/realsense_camera_msgs/lib/librealsense_camera_msgs__rosidl_generator_py.so" to ""
-- Installing: /workspace/ros2_ws/install/realsense_camera_msgs/share/realsense_camera_msgs/msg/IMUInfo.idl
-- Installing: /workspace/ros2_ws/install/realsense_camera_msgs/share/realsense_camera_msgs/msg/Extrinsics.idl
-- Installing: /workspace/ros2_ws/install/realsense_camera_msgs/share/realsense_camera_msgs/msg/IMUInfo.msg
-- Installing: /workspace/ros2_ws/install/realsense_camera_msgs/share/realsense_camera_msgs/msg/Extrinsics.msg
-- Installing: /workspace/ros2_ws/install/realsense_camera_msgs/share/ament_index/resource_index/package_run_dependencies/realsense_camera_msgs
-- Installing: /workspace/ros2_ws/install/realsense_camera_msgs/share/ament_index/resource_index/parent_prefix_path/realsense_camera_msgs
-- Installing: /workspace/ros2_ws/install/realsense_camera_msgs/share/realsense_camera_msgs/environment/ament_prefix_path.sh
-- Installing: /workspace/ros2_ws/install/realsense_camera_msgs/share/realsense_camera_msgs/environment/ament_prefix_path.dsv
-- Installing: /workspace/ros2_ws/install/realsense_camera_msgs/share/realsense_camera_msgs/environment/path.sh
-- Installing: /workspace/ros2_ws/install/realsense_camera_msgs/share/realsense_camera_msgs/environment/path.dsv
-- Installing: /workspace/ros2_ws/install/realsense_camera_msgs/share/realsense_camera_msgs/local_setup.bash
-- Installing: /workspace/ros2_ws/install/realsense_camera_msgs/share/realsense_camera_msgs/local_setup.sh
-- Installing: /workspace/ros2_ws/install/realsense_camera_msgs/share/realsense_camera_msgs/local_setup.zsh
-- Installing: /workspace/ros2_ws/install/realsense_camera_msgs/share/realsense_camera_msgs/local_setup.dsv
-- Installing: /workspace/ros2_ws/install/realsense_camera_msgs/share/realsense_camera_msgs/package.dsv
-- Installing: /workspace/ros2_ws/install/realsense_camera_msgs/share/ament_index/resource_index/packages/realsense_camera_msgs
-- Installing: /workspace/ros2_ws/install/realsense_camera_msgs/share/realsense_camera_msgs/cmake/export_realsense_camera_msgs__rosidl_generator_cExport.cmake
-- Installing: /workspace/ros2_ws/install/realsense_camera_msgs/share/realsense_camera_msgs/cmake/export_realsense_camera_msgs__rosidl_generator_cExport-noconfig.cmake
-- Installing: /workspace/ros2_ws/install/realsense_camera_msgs/share/realsense_camera_msgs/cmake/export_realsense_camera_msgs__rosidl_typesupport_fastrtps_cExport.cmake
-- Installing: /workspace/ros2_ws/install/realsense_camera_msgs/share/realsense_camera_msgs/cmake/export_realsense_camera_msgs__rosidl_typesupport_fastrtps_cExport-noconfig.cmake
-- Installing: /workspace/ros2_ws/install/realsense_camera_msgs/share/realsense_camera_msgs/cmake/realsense_camera_msgs__rosidl_typesupport_introspection_cExport.cmake
-- Installing: /workspace/ros2_ws/install/realsense_camera_msgs/share/realsense_camera_msgs/cmake/realsense_camera_msgs__rosidl_typesupport_introspection_cExport-noconfig.cmake
-- Installing: /workspace/ros2_ws/install/realsense_camera_msgs/share/realsense_camera_msgs/cmake/realsense_camera_msgs__rosidl_typesupport_cExport.cmake
-- Installing: /workspace/ros2_ws/install/realsense_camera_msgs/share/realsense_camera_msgs/cmake/realsense_camera_msgs__rosidl_typesupport_cExport-noconfig.cmake
-- Installing: /workspace/ros2_ws/install/realsense_camera_msgs/share/realsense_camera_msgs/cmake/export_realsense_camera_msgs__rosidl_generator_cppExport.cmake
-- Installing: /workspace/ros2_ws/install/realsense_camera_msgs/share/realsense_camera_msgs/cmake/export_realsense_camera_msgs__rosidl_typesupport_fastrtps_cppExport.cmake
-- Installing: /workspace/ros2_ws/install/realsense_camera_msgs/share/realsense_camera_msgs/cmake/export_realsense_camera_msgs__rosidl_typesupport_fastrtps_cppExport-noconfig.cmake
-- Installing: /workspace/ros2_ws/install/realsense_camera_msgs/share/realsense_camera_msgs/cmake/realsense_camera_msgs__rosidl_typesupport_introspection_cppExport.cmake
-- Installing: /workspace/ros2_ws/install/realsense_camera_msgs/share/realsense_camera_msgs/cmake/realsense_camera_msgs__rosidl_typesupport_introspection_cppExport-noconfig.cmake
-- Installing: /workspace/ros2_ws/install/realsense_camera_msgs/share/realsense_camera_msgs/cmake/realsense_camera_msgs__rosidl_typesupport_cppExport.cmake
-- Installing: /workspace/ros2_ws/install/realsense_camera_msgs/share/realsense_camera_msgs/cmake/realsense_camera_msgs__rosidl_typesupport_cppExport-noconfig.cmake
-- Installing: /workspace/ros2_ws/install/realsense_camera_msgs/share/realsense_camera_msgs/cmake/export_realsense_camera_msgs__rosidl_generator_pyExport.cmake
-- Installing: /workspace/ros2_ws/install/realsense_camera_msgs/share/realsense_camera_msgs/cmake/export_realsense_camera_msgs__rosidl_generator_pyExport-noconfig.cmake
-- Installing: /workspace/ros2_ws/install/realsense_camera_msgs/share/realsense_camera_msgs/cmake/rosidl_cmake-extras.cmake
-- Installing: /workspace/ros2_ws/install/realsense_camera_msgs/share/realsense_camera_msgs/cmake/ament_cmake_export_dependencies-extras.cmake
-- Installing: /workspace/ros2_ws/install/realsense_camera_msgs/share/realsense_camera_msgs/cmake/ament_cmake_export_include_directories-extras.cmake
-- Installing: /workspace/ros2_ws/install/realsense_camera_msgs/share/realsense_camera_msgs/cmake/ament_cmake_export_libraries-extras.cmake
-- Installing: /workspace/ros2_ws/install/realsense_camera_msgs/share/realsense_camera_msgs/cmake/ament_cmake_export_targets-extras.cmake
-- Installing: /workspace/ros2_ws/install/realsense_camera_msgs/share/realsense_camera_msgs/cmake/rosidl_cmake_export_typesupport_targets-extras.cmake
-- Installing: /workspace/ros2_ws/install/realsense_camera_msgs/share/realsense_camera_msgs/cmake/rosidl_cmake_export_typesupport_libraries-extras.cmake
-- Installing: /workspace/ros2_ws/install/realsense_camera_msgs/share/realsense_camera_msgs/cmake/realsense_camera_msgsConfig.cmake
-- Installing: /workspace/ros2_ws/install/realsense_camera_msgs/share/realsense_camera_msgs/cmake/realsense_camera_msgsConfig-version.cmake
-- Installing: /workspace/ros2_ws/install/realsense_camera_msgs/share/realsense_camera_msgs/package.xml
