[0.011s] Invoking command in '/workspace/ros2_ws/build/realsense_camera_msgs': CMAKE_PREFIX_PATH=${CMAKE_PREFIX_PATH}:/opt/ros/jazzy /usr/bin/cmake /workspace/ros2_ws/src/ros2_intel_realsense/realsense_camera_msgs -DCMAKE_INSTALL_PREFIX=/workspace/ros2_ws/install/realsense_camera_msgs
[0.240s] -- The C compiler identification is GNU 13.3.0
[0.455s] -- The CXX compiler identification is GNU 13.3.0
[0.484s] -- Detecting C compiler ABI info
[0.593s] -- Detecting C compiler ABI info - done
[0.600s] -- Check for working C compiler: /usr/bin/cc - skipped
[0.600s] -- Detecting C compile features
[0.601s] -- Detecting C compile features - done
[0.609s] -- Detecting CXX compiler ABI info
[0.693s] -- Detecting CXX compiler ABI info - done
[0.700s] -- Check for working CXX compiler: /usr/bin/c++ - skipped
[0.701s] -- Detecting CXX compile features
[0.701s] -- Detecting CXX compile features - done
[0.721s] -- Found ament_cmake: 2.5.4 (/opt/ros/jazzy/share/ament_cmake/cmake)
[0.827s] -- Found Python3: /usr/bin/python3 (found version "3.12.3") found components: Interpreter 
[0.925s] -- Found rosidl_default_generators: 1.6.0 (/opt/ros/jazzy/share/rosidl_default_generators/cmake)
[0.931s] -- Using all available rosidl_typesupport_c: rosidl_typesupport_fastrtps_c;rosidl_typesupport_introspection_c
[1.030s] -- Using all available rosidl_typesupport_cpp: rosidl_typesupport_fastrtps_cpp;rosidl_typesupport_introspection_cpp
[1.077s] -- Found rosidl_adapter: 4.6.6 (/opt/ros/jazzy/share/rosidl_adapter/cmake)
[1.080s] -- Found builtin_interfaces: 2.0.3 (/opt/ros/jazzy/share/builtin_interfaces/cmake)
[1.094s] -- Found std_msgs: 5.3.6 (/opt/ros/jazzy/share/std_msgs/cmake)
[1.542s] -- Found ament_cmake_cppcheck: 0.17.3 (/opt/ros/jazzy/share/ament_cmake_cppcheck/cmake)
[1.544s] -- Found ament_cmake_cpplint: 0.17.3 (/opt/ros/jazzy/share/ament_cmake_cpplint/cmake)
[1.546s] -- Found ament_cmake_uncrustify: 0.17.3 (/opt/ros/jazzy/share/ament_cmake_uncrustify/cmake)
[1.548s] -- Found ament_cmake_ros: 0.12.0 (/opt/ros/jazzy/share/ament_cmake_ros/cmake)
[1.878s] -- Using all available rosidl_typesupport_c: rosidl_typesupport_fastrtps_c;rosidl_typesupport_introspection_c
[2.312s] -- Using all available rosidl_typesupport_cpp: rosidl_typesupport_fastrtps_cpp;rosidl_typesupport_introspection_cpp
[2.315s] -- Found python_cmake_module: 0.11.1 (/opt/ros/jazzy/share/python_cmake_module/cmake)
[2.404s] -- Found PythonExtra: /usr/bin/python3  
[2.727s] -- Found Python3: /usr/bin/python3 (found version "3.12.3") found components: Interpreter Development NumPy Development.Module Development.Embed 
[2.764s] -- Found ament_cmake_flake8: 0.17.3 (/opt/ros/jazzy/share/ament_cmake_flake8/cmake)
[2.767s] -- Found ament_cmake_pep257: 0.17.3 (/opt/ros/jazzy/share/ament_cmake_pep257/cmake)
[2.779s] -- Configuring done (2.7s)
[2.831s] -- Generating done (0.0s)
[2.844s] -- Build files have been written to: /workspace/ros2_ws/build/realsense_camera_msgs
[2.852s] Invoked command in '/workspace/ros2_ws/build/realsense_camera_msgs' returned '0': CMAKE_PREFIX_PATH=${CMAKE_PREFIX_PATH}:/opt/ros/jazzy /usr/bin/cmake /workspace/ros2_ws/src/ros2_intel_realsense/realsense_camera_msgs -DCMAKE_INSTALL_PREFIX=/workspace/ros2_ws/install/realsense_camera_msgs
[2.853s] Invoking command in '/workspace/ros2_ws/build/realsense_camera_msgs': CMAKE_PREFIX_PATH=${CMAKE_PREFIX_PATH}:/opt/ros/jazzy /usr/bin/cmake --build /workspace/ros2_ws/build/realsense_camera_msgs -- -j8 -l8
[2.891s] [  2%] [34m[1mGenerating type hashes for ROS interfaces[0m
[2.898s] [  2%] Built target ament_cmake_python_copy_realsense_camera_msgs
[3.034s] running egg_info
[3.034s] creating realsense_camera_msgs.egg-info
[3.043s] [  2%] Built target realsense_camera_msgs__rosidl_generator_type_description
[3.045s] writing realsense_camera_msgs.egg-info/PKG-INFO
[3.046s] writing dependency_links to realsense_camera_msgs.egg-info/dependency_links.txt
[3.046s] writing top-level names to realsense_camera_msgs.egg-info/top_level.txt
[3.046s] writing manifest file 'realsense_camera_msgs.egg-info/SOURCES.txt'
[3.051s] [  4%] [34m[1mGenerating C code for ROS interfaces[0m
[3.058s] [  6%] [34m[1mGenerating C++ code for ROS interfaces[0m
[3.078s] reading manifest file 'realsense_camera_msgs.egg-info/SOURCES.txt'
[3.078s] writing manifest file 'realsense_camera_msgs.egg-info/SOURCES.txt'
[3.099s] [  6%] Built target ament_cmake_python_build_realsense_camera_msgs_egg
[3.234s] [  6%] Built target realsense_camera_msgs__cpp
[3.259s] [  9%] [32mBuilding C object CMakeFiles/realsense_camera_msgs__rosidl_generator_c.dir/rosidl_generator_c/realsense_camera_msgs/msg/detail/imu_info__description.c.o[0m
[3.259s] [ 13%] [32mBuilding C object CMakeFiles/realsense_camera_msgs__rosidl_generator_c.dir/rosidl_generator_c/realsense_camera_msgs/msg/detail/extrinsics__description.c.o[0m
[3.259s] [ 13%] [32mBuilding C object CMakeFiles/realsense_camera_msgs__rosidl_generator_c.dir/rosidl_generator_c/realsense_camera_msgs/msg/detail/imu_info__type_support.c.o[0m
[3.259s] [ 15%] [32mBuilding C object CMakeFiles/realsense_camera_msgs__rosidl_generator_c.dir/rosidl_generator_c/realsense_camera_msgs/msg/detail/imu_info__functions.c.o[0m
[3.259s] [ 18%] [32mBuilding C object CMakeFiles/realsense_camera_msgs__rosidl_generator_c.dir/rosidl_generator_c/realsense_camera_msgs/msg/detail/extrinsics__type_support.c.o[0m
[3.260s] [ 20%] [32mBuilding C object CMakeFiles/realsense_camera_msgs__rosidl_generator_c.dir/rosidl_generator_c/realsense_camera_msgs/msg/detail/extrinsics__functions.c.o[0m
[3.305s] [ 22%] [32m[1mLinking C shared library librealsense_camera_msgs__rosidl_generator_c.so[0m
[3.330s] [ 22%] Built target realsense_camera_msgs__rosidl_generator_c
[3.338s] [ 31%] [34m[1mGenerating C++ type support dispatch for ROS interfaces[0m
[3.338s] [ 31%] [34m[1mGenerating C type support dispatch for ROS interfaces[0m
[3.338s] [ 31%] [34m[1mGenerating C introspection for ROS interfaces[0m
[3.338s] [ 31%] [34m[1mGenerating C type support for eProsima Fast-RTPS[0m
[3.338s] [ 34%] [34m[1mGenerating C++ introspection for ROS interfaces[0m
[3.339s] [ 36%] [34m[1mGenerating C++ type support for eProsima Fast-RTPS[0m
[3.542s] [ 38%] [32mBuilding CXX object CMakeFiles/realsense_camera_msgs__rosidl_typesupport_cpp.dir/rosidl_typesupport_cpp/realsense_camera_msgs/msg/imu_info__type_support.cpp.o[0m
[3.542s] [ 40%] [32mBuilding CXX object CMakeFiles/realsense_camera_msgs__rosidl_typesupport_c.dir/rosidl_typesupport_c/realsense_camera_msgs/msg/imu_info__type_support.cpp.o[0m
[3.547s] [ 43%] [32mBuilding CXX object CMakeFiles/realsense_camera_msgs__rosidl_typesupport_c.dir/rosidl_typesupport_c/realsense_camera_msgs/msg/extrinsics__type_support.cpp.o[0m
[3.557s] [ 45%] [32mBuilding CXX object CMakeFiles/realsense_camera_msgs__rosidl_typesupport_introspection_cpp.dir/rosidl_typesupport_introspection_cpp/realsense_camera_msgs/msg/detail/imu_info__type_support.cpp.o[0m
[3.557s] [ 47%] [32mBuilding CXX object CMakeFiles/realsense_camera_msgs__rosidl_typesupport_introspection_cpp.dir/rosidl_typesupport_introspection_cpp/realsense_camera_msgs/msg/detail/extrinsics__type_support.cpp.o[0m
[3.571s] [ 50%] [32mBuilding C object CMakeFiles/realsense_camera_msgs__rosidl_typesupport_introspection_c.dir/rosidl_typesupport_introspection_c/realsense_camera_msgs/msg/detail/imu_info__type_support.c.o[0m
[3.593s] [ 52%] [32mBuilding CXX object CMakeFiles/realsense_camera_msgs__rosidl_typesupport_fastrtps_cpp.dir/rosidl_typesupport_fastrtps_cpp/realsense_camera_msgs/msg/detail/dds_fastrtps/imu_info__type_support.cpp.o[0m
[3.601s] [ 54%] [32mBuilding C object CMakeFiles/realsense_camera_msgs__rosidl_typesupport_introspection_c.dir/rosidl_typesupport_introspection_c/realsense_camera_msgs/msg/detail/extrinsics__type_support.c.o[0m
[3.602s] [ 56%] [32m[1mLinking CXX shared library librealsense_camera_msgs__rosidl_typesupport_c.so[0m
[3.607s] [ 59%] [32mBuilding CXX object CMakeFiles/realsense_camera_msgs__rosidl_typesupport_fastrtps_c.dir/rosidl_typesupport_fastrtps_c/realsense_camera_msgs/msg/detail/imu_info__type_support_c.cpp.o[0m
[3.617s] [ 61%] [32mBuilding CXX object CMakeFiles/realsense_camera_msgs__rosidl_typesupport_fastrtps_cpp.dir/rosidl_typesupport_fastrtps_cpp/realsense_camera_msgs/msg/detail/dds_fastrtps/extrinsics__type_support.cpp.o[0m
[3.638s] [ 61%] Built target realsense_camera_msgs__rosidl_typesupport_c
[3.646s] [ 63%] [32mBuilding CXX object CMakeFiles/realsense_camera_msgs__rosidl_typesupport_cpp.dir/rosidl_typesupport_cpp/realsense_camera_msgs/msg/extrinsics__type_support.cpp.o[0m
[3.662s] [ 65%] [32m[1mLinking C shared library librealsense_camera_msgs__rosidl_typesupport_introspection_c.so[0m
[3.688s] [ 65%] Built target realsense_camera_msgs__rosidl_typesupport_introspection_c
[3.696s] [ 68%] [32mBuilding CXX object CMakeFiles/realsense_camera_msgs__rosidl_typesupport_fastrtps_c.dir/rosidl_typesupport_fastrtps_c/realsense_camera_msgs/msg/detail/extrinsics__type_support_c.cpp.o[0m
[3.945s] [ 70%] [32m[1mLinking CXX shared library librealsense_camera_msgs__rosidl_typesupport_introspection_cpp.so[0m
[3.956s] [ 72%] [32m[1mLinking CXX shared library librealsense_camera_msgs__rosidl_typesupport_cpp.so[0m
[3.994s] [ 72%] Built target realsense_camera_msgs__rosidl_typesupport_cpp
[4.008s] [ 72%] Built target realsense_camera_msgs__rosidl_typesupport_introspection_cpp
[4.052s] [ 75%] [32m[1mLinking CXX shared library librealsense_camera_msgs__rosidl_typesupport_fastrtps_cpp.so[0m
[4.077s] [ 77%] [32m[1mLinking CXX shared library librealsense_camera_msgs__rosidl_typesupport_fastrtps_c.so[0m
[4.106s] [ 77%] Built target realsense_camera_msgs__rosidl_typesupport_fastrtps_cpp
[4.110s] [ 77%] Built target realsense_camera_msgs__rosidl_typesupport_fastrtps_c
[4.124s] [ 77%] Built target realsense_camera_msgs
[4.138s] [ 79%] [34m[1mGenerating Python code for ROS interfaces[0m
[4.361s] [ 79%] Built target realsense_camera_msgs__py
[4.376s] [ 84%] [32mBuilding C object CMakeFiles/realsense_camera_msgs__rosidl_generator_py.dir/rosidl_generator_py/realsense_camera_msgs/msg/_extrinsics_s.c.o[0m
[4.376s] [ 84%] [32mBuilding C object CMakeFiles/realsense_camera_msgs__rosidl_generator_py.dir/rosidl_generator_py/realsense_camera_msgs/msg/_imu_info_s.c.o[0m
[4.482s] [ 86%] [32m[1mLinking C shared library librealsense_camera_msgs__rosidl_generator_py.so[0m
[4.513s] [ 86%] Built target realsense_camera_msgs__rosidl_generator_py
[4.527s] [ 90%] [32mBuilding C object CMakeFiles/realsense_camera_msgs_s__rosidl_typesupport_c.dir/rosidl_generator_py/realsense_camera_msgs/_realsense_camera_msgs_s.ep.rosidl_typesupport_c.c.o[0m
[4.527s] [ 90%] [32mBuilding C object CMakeFiles/realsense_camera_msgs_s__rosidl_typesupport_introspection_c.dir/rosidl_generator_py/realsense_camera_msgs/_realsense_camera_msgs_s.ep.rosidl_typesupport_introspection_c.c.o[0m
[4.528s] [ 93%] [32mBuilding C object CMakeFiles/realsense_camera_msgs_s__rosidl_typesupport_fastrtps_c.dir/rosidl_generator_py/realsense_camera_msgs/_realsense_camera_msgs_s.ep.rosidl_typesupport_fastrtps_c.c.o[0m
[4.609s] [ 95%] [32m[1mLinking C shared module rosidl_generator_py/realsense_camera_msgs/realsense_camera_msgs_s__rosidl_typesupport_c.so[0m
[4.610s] [ 97%] [32m[1mLinking C shared module rosidl_generator_py/realsense_camera_msgs/realsense_camera_msgs_s__rosidl_typesupport_introspection_c.so[0m
[4.613s] [100%] [32m[1mLinking C shared module rosidl_generator_py/realsense_camera_msgs/realsense_camera_msgs_s__rosidl_typesupport_fastrtps_c.so[0m
[4.630s] [100%] Built target realsense_camera_msgs_s__rosidl_typesupport_c
[4.633s] [100%] Built target realsense_camera_msgs_s__rosidl_typesupport_introspection_c
[4.635s] [100%] Built target realsense_camera_msgs_s__rosidl_typesupport_fastrtps_c
[4.645s] Invoked command in '/workspace/ros2_ws/build/realsense_camera_msgs' returned '0': CMAKE_PREFIX_PATH=${CMAKE_PREFIX_PATH}:/opt/ros/jazzy /usr/bin/cmake --build /workspace/ros2_ws/build/realsense_camera_msgs -- -j8 -l8
[4.653s] Invoking command in '/workspace/ros2_ws/build/realsense_camera_msgs': CMAKE_PREFIX_PATH=${CMAKE_PREFIX_PATH}:/opt/ros/jazzy /usr/bin/cmake --install /workspace/ros2_ws/build/realsense_camera_msgs
[4.659s] -- Install configuration: ""
[4.659s] -- Installing: /workspace/ros2_ws/install/realsense_camera_msgs/share/ament_index/resource_index/rosidl_interfaces/realsense_camera_msgs
[4.659s] -- Installing: /workspace/ros2_ws/install/realsense_camera_msgs/share/realsense_camera_msgs/msg/IMUInfo.json
[4.659s] -- Installing: /workspace/ros2_ws/install/realsense_camera_msgs/share/realsense_camera_msgs/msg/Extrinsics.json
[4.660s] -- Installing: /workspace/ros2_ws/install/realsense_camera_msgs/include/realsense_camera_msgs/realsense_camera_msgs
[4.660s] -- Installing: /workspace/ros2_ws/install/realsense_camera_msgs/include/realsense_camera_msgs/realsense_camera_msgs/msg
[4.660s] -- Installing: /workspace/ros2_ws/install/realsense_camera_msgs/include/realsense_camera_msgs/realsense_camera_msgs/msg/extrinsics.h
[4.660s] -- Installing: /workspace/ros2_ws/install/realsense_camera_msgs/include/realsense_camera_msgs/realsense_camera_msgs/msg/imu_info.h
[4.660s] -- Installing: /workspace/ros2_ws/install/realsense_camera_msgs/include/realsense_camera_msgs/realsense_camera_msgs/msg/rosidl_generator_c__visibility_control.h
[4.660s] -- Installing: /workspace/ros2_ws/install/realsense_camera_msgs/include/realsense_camera_msgs/realsense_camera_msgs/msg/detail
[4.660s] -- Installing: /workspace/ros2_ws/install/realsense_camera_msgs/include/realsense_camera_msgs/realsense_camera_msgs/msg/detail/imu_info__type_support.h
[4.660s] -- Installing: /workspace/ros2_ws/install/realsense_camera_msgs/include/realsense_camera_msgs/realsense_camera_msgs/msg/detail/imu_info__struct.h
[4.660s] -- Installing: /workspace/ros2_ws/install/realsense_camera_msgs/include/realsense_camera_msgs/realsense_camera_msgs/msg/detail/imu_info__type_support.c
[4.660s] -- Installing: /workspace/ros2_ws/install/realsense_camera_msgs/include/realsense_camera_msgs/realsense_camera_msgs/msg/detail/imu_info__description.c
[4.661s] -- Installing: /workspace/ros2_ws/install/realsense_camera_msgs/include/realsense_camera_msgs/realsense_camera_msgs/msg/detail/imu_info__functions.h
[4.661s] -- Installing: /workspace/ros2_ws/install/realsense_camera_msgs/include/realsense_camera_msgs/realsense_camera_msgs/msg/detail/extrinsics__struct.h
[4.661s] -- Installing: /workspace/ros2_ws/install/realsense_camera_msgs/include/realsense_camera_msgs/realsense_camera_msgs/msg/detail/extrinsics__type_support.c
[4.661s] -- Installing: /workspace/ros2_ws/install/realsense_camera_msgs/include/realsense_camera_msgs/realsense_camera_msgs/msg/detail/extrinsics__type_support.h
[4.661s] -- Installing: /workspace/ros2_ws/install/realsense_camera_msgs/include/realsense_camera_msgs/realsense_camera_msgs/msg/detail/extrinsics__functions.h
[4.661s] -- Installing: /workspace/ros2_ws/install/realsense_camera_msgs/include/realsense_camera_msgs/realsense_camera_msgs/msg/detail/imu_info__functions.c
[4.661s] -- Installing: /workspace/ros2_ws/install/realsense_camera_msgs/include/realsense_camera_msgs/realsense_camera_msgs/msg/detail/extrinsics__functions.c
[4.662s] -- Installing: /workspace/ros2_ws/install/realsense_camera_msgs/include/realsense_camera_msgs/realsense_camera_msgs/msg/detail/extrinsics__description.c
[4.662s] -- Installing: /workspace/ros2_ws/install/realsense_camera_msgs/share/realsense_camera_msgs/environment/library_path.sh
[4.662s] -- Installing: /workspace/ros2_ws/install/realsense_camera_msgs/share/realsense_camera_msgs/environment/library_path.dsv
[4.662s] -- Installing: /workspace/ros2_ws/install/realsense_camera_msgs/lib/librealsense_camera_msgs__rosidl_generator_c.so
[4.663s] -- Set non-toolchain portion of runtime path of "/workspace/ros2_ws/install/realsense_camera_msgs/lib/librealsense_camera_msgs__rosidl_generator_c.so" to ""
[4.663s] -- Up-to-date: /workspace/ros2_ws/install/realsense_camera_msgs/include/realsense_camera_msgs/realsense_camera_msgs
[4.663s] -- Up-to-date: /workspace/ros2_ws/install/realsense_camera_msgs/include/realsense_camera_msgs/realsense_camera_msgs/msg
[4.663s] -- Installing: /workspace/ros2_ws/install/realsense_camera_msgs/include/realsense_camera_msgs/realsense_camera_msgs/msg/rosidl_typesupport_fastrtps_c__visibility_control.h
[4.663s] -- Up-to-date: /workspace/ros2_ws/install/realsense_camera_msgs/include/realsense_camera_msgs/realsense_camera_msgs/msg/detail
[4.663s] -- Installing: /workspace/ros2_ws/install/realsense_camera_msgs/include/realsense_camera_msgs/realsense_camera_msgs/msg/detail/imu_info__rosidl_typesupport_fastrtps_c.h
[4.663s] -- Installing: /workspace/ros2_ws/install/realsense_camera_msgs/include/realsense_camera_msgs/realsense_camera_msgs/msg/detail/extrinsics__rosidl_typesupport_fastrtps_c.h
[4.663s] -- Installing: /workspace/ros2_ws/install/realsense_camera_msgs/lib/librealsense_camera_msgs__rosidl_typesupport_fastrtps_c.so
[4.664s] -- Set non-toolchain portion of runtime path of "/workspace/ros2_ws/install/realsense_camera_msgs/lib/librealsense_camera_msgs__rosidl_typesupport_fastrtps_c.so" to ""
[4.664s] -- Up-to-date: /workspace/ros2_ws/install/realsense_camera_msgs/include/realsense_camera_msgs/realsense_camera_msgs
[4.664s] -- Up-to-date: /workspace/ros2_ws/install/realsense_camera_msgs/include/realsense_camera_msgs/realsense_camera_msgs/msg
[4.664s] -- Installing: /workspace/ros2_ws/install/realsense_camera_msgs/include/realsense_camera_msgs/realsense_camera_msgs/msg/rosidl_typesupport_introspection_c__visibility_control.h
[4.664s] -- Up-to-date: /workspace/ros2_ws/install/realsense_camera_msgs/include/realsense_camera_msgs/realsense_camera_msgs/msg/detail
[4.664s] -- Installing: /workspace/ros2_ws/install/realsense_camera_msgs/include/realsense_camera_msgs/realsense_camera_msgs/msg/detail/extrinsics__rosidl_typesupport_introspection_c.h
[4.665s] -- Up-to-date: /workspace/ros2_ws/install/realsense_camera_msgs/include/realsense_camera_msgs/realsense_camera_msgs/msg/detail/imu_info__type_support.c
[4.665s] -- Installing: /workspace/ros2_ws/install/realsense_camera_msgs/include/realsense_camera_msgs/realsense_camera_msgs/msg/detail/extrinsics__type_support.c
[4.665s] -- Installing: /workspace/ros2_ws/install/realsense_camera_msgs/include/realsense_camera_msgs/realsense_camera_msgs/msg/detail/imu_info__rosidl_typesupport_introspection_c.h
[4.665s] -- Installing: /workspace/ros2_ws/install/realsense_camera_msgs/lib/librealsense_camera_msgs__rosidl_typesupport_introspection_c.so
[4.665s] -- Set non-toolchain portion of runtime path of "/workspace/ros2_ws/install/realsense_camera_msgs/lib/librealsense_camera_msgs__rosidl_typesupport_introspection_c.so" to ""
[4.666s] -- Installing: /workspace/ros2_ws/install/realsense_camera_msgs/lib/librealsense_camera_msgs__rosidl_typesupport_c.so
[4.666s] -- Set non-toolchain portion of runtime path of "/workspace/ros2_ws/install/realsense_camera_msgs/lib/librealsense_camera_msgs__rosidl_typesupport_c.so" to ""
[4.666s] -- Up-to-date: /workspace/ros2_ws/install/realsense_camera_msgs/include/realsense_camera_msgs/realsense_camera_msgs
[4.666s] -- Up-to-date: /workspace/ros2_ws/install/realsense_camera_msgs/include/realsense_camera_msgs/realsense_camera_msgs/msg
[4.666s] -- Installing: /workspace/ros2_ws/install/realsense_camera_msgs/include/realsense_camera_msgs/realsense_camera_msgs/msg/extrinsics.hpp
[4.666s] -- Installing: /workspace/ros2_ws/install/realsense_camera_msgs/include/realsense_camera_msgs/realsense_camera_msgs/msg/rosidl_generator_cpp__visibility_control.hpp
[4.667s] -- Installing: /workspace/ros2_ws/install/realsense_camera_msgs/include/realsense_camera_msgs/realsense_camera_msgs/msg/imu_info.hpp
[4.667s] -- Up-to-date: /workspace/ros2_ws/install/realsense_camera_msgs/include/realsense_camera_msgs/realsense_camera_msgs/msg/detail
[4.667s] -- Installing: /workspace/ros2_ws/install/realsense_camera_msgs/include/realsense_camera_msgs/realsense_camera_msgs/msg/detail/extrinsics__type_support.hpp
[4.667s] -- Installing: /workspace/ros2_ws/install/realsense_camera_msgs/include/realsense_camera_msgs/realsense_camera_msgs/msg/detail/imu_info__struct.hpp
[4.667s] -- Installing: /workspace/ros2_ws/install/realsense_camera_msgs/include/realsense_camera_msgs/realsense_camera_msgs/msg/detail/extrinsics__builder.hpp
[4.667s] -- Installing: /workspace/ros2_ws/install/realsense_camera_msgs/include/realsense_camera_msgs/realsense_camera_msgs/msg/detail/extrinsics__struct.hpp
[4.668s] -- Installing: /workspace/ros2_ws/install/realsense_camera_msgs/include/realsense_camera_msgs/realsense_camera_msgs/msg/detail/imu_info__type_support.hpp
[4.668s] -- Installing: /workspace/ros2_ws/install/realsense_camera_msgs/include/realsense_camera_msgs/realsense_camera_msgs/msg/detail/extrinsics__traits.hpp
[4.668s] -- Installing: /workspace/ros2_ws/install/realsense_camera_msgs/include/realsense_camera_msgs/realsense_camera_msgs/msg/detail/imu_info__traits.hpp
[4.668s] -- Installing: /workspace/ros2_ws/install/realsense_camera_msgs/include/realsense_camera_msgs/realsense_camera_msgs/msg/detail/imu_info__builder.hpp
[4.668s] -- Up-to-date: /workspace/ros2_ws/install/realsense_camera_msgs/include/realsense_camera_msgs/realsense_camera_msgs
[4.668s] -- Up-to-date: /workspace/ros2_ws/install/realsense_camera_msgs/include/realsense_camera_msgs/realsense_camera_msgs/msg
[4.669s] -- Installing: /workspace/ros2_ws/install/realsense_camera_msgs/include/realsense_camera_msgs/realsense_camera_msgs/msg/rosidl_typesupport_fastrtps_cpp__visibility_control.h
[4.669s] -- Up-to-date: /workspace/ros2_ws/install/realsense_camera_msgs/include/realsense_camera_msgs/realsense_camera_msgs/msg/detail
[4.669s] -- Installing: /workspace/ros2_ws/install/realsense_camera_msgs/include/realsense_camera_msgs/realsense_camera_msgs/msg/detail/imu_info__rosidl_typesupport_fastrtps_cpp.hpp
[4.669s] -- Installing: /workspace/ros2_ws/install/realsense_camera_msgs/include/realsense_camera_msgs/realsense_camera_msgs/msg/detail/dds_fastrtps
[4.669s] -- Installing: /workspace/ros2_ws/install/realsense_camera_msgs/include/realsense_camera_msgs/realsense_camera_msgs/msg/detail/extrinsics__rosidl_typesupport_fastrtps_cpp.hpp
[4.669s] -- Installing: /workspace/ros2_ws/install/realsense_camera_msgs/lib/librealsense_camera_msgs__rosidl_typesupport_fastrtps_cpp.so
[4.669s] -- Set non-toolchain portion of runtime path of "/workspace/ros2_ws/install/realsense_camera_msgs/lib/librealsense_camera_msgs__rosidl_typesupport_fastrtps_cpp.so" to ""
[4.670s] -- Up-to-date: /workspace/ros2_ws/install/realsense_camera_msgs/include/realsense_camera_msgs/realsense_camera_msgs
[4.670s] -- Up-to-date: /workspace/ros2_ws/install/realsense_camera_msgs/include/realsense_camera_msgs/realsense_camera_msgs/msg
[4.670s] -- Up-to-date: /workspace/ros2_ws/install/realsense_camera_msgs/include/realsense_camera_msgs/realsense_camera_msgs/msg/detail
[4.670s] -- Installing: /workspace/ros2_ws/install/realsense_camera_msgs/include/realsense_camera_msgs/realsense_camera_msgs/msg/detail/extrinsics__type_support.cpp
[4.670s] -- Installing: /workspace/ros2_ws/install/realsense_camera_msgs/include/realsense_camera_msgs/realsense_camera_msgs/msg/detail/imu_info__type_support.cpp
[4.670s] -- Installing: /workspace/ros2_ws/install/realsense_camera_msgs/include/realsense_camera_msgs/realsense_camera_msgs/msg/detail/extrinsics__rosidl_typesupport_introspection_cpp.hpp
[4.670s] -- Installing: /workspace/ros2_ws/install/realsense_camera_msgs/include/realsense_camera_msgs/realsense_camera_msgs/msg/detail/imu_info__rosidl_typesupport_introspection_cpp.hpp
[4.670s] -- Installing: /workspace/ros2_ws/install/realsense_camera_msgs/lib/librealsense_camera_msgs__rosidl_typesupport_introspection_cpp.so
[4.671s] -- Set non-toolchain portion of runtime path of "/workspace/ros2_ws/install/realsense_camera_msgs/lib/librealsense_camera_msgs__rosidl_typesupport_introspection_cpp.so" to ""
[4.671s] -- Installing: /workspace/ros2_ws/install/realsense_camera_msgs/lib/librealsense_camera_msgs__rosidl_typesupport_cpp.so
[4.671s] -- Set non-toolchain portion of runtime path of "/workspace/ros2_ws/install/realsense_camera_msgs/lib/librealsense_camera_msgs__rosidl_typesupport_cpp.so" to ""
[4.671s] -- Installing: /workspace/ros2_ws/install/realsense_camera_msgs/share/realsense_camera_msgs/environment/pythonpath.sh
[4.672s] -- Installing: /workspace/ros2_ws/install/realsense_camera_msgs/share/realsense_camera_msgs/environment/pythonpath.dsv
[4.672s] -- Installing: /workspace/ros2_ws/install/realsense_camera_msgs/lib/python3.12/site-packages/realsense_camera_msgs-2.0.4-py3.12.egg-info
[4.672s] -- Installing: /workspace/ros2_ws/install/realsense_camera_msgs/lib/python3.12/site-packages/realsense_camera_msgs-2.0.4-py3.12.egg-info/dependency_links.txt
[4.672s] -- Installing: /workspace/ros2_ws/install/realsense_camera_msgs/lib/python3.12/site-packages/realsense_camera_msgs-2.0.4-py3.12.egg-info/SOURCES.txt
[4.672s] -- Installing: /workspace/ros2_ws/install/realsense_camera_msgs/lib/python3.12/site-packages/realsense_camera_msgs-2.0.4-py3.12.egg-info/top_level.txt
[4.672s] -- Installing: /workspace/ros2_ws/install/realsense_camera_msgs/lib/python3.12/site-packages/realsense_camera_msgs-2.0.4-py3.12.egg-info/PKG-INFO
[4.672s] -- Installing: /workspace/ros2_ws/install/realsense_camera_msgs/lib/python3.12/site-packages/realsense_camera_msgs
[4.673s] -- Installing: /workspace/ros2_ws/install/realsense_camera_msgs/lib/python3.12/site-packages/realsense_camera_msgs/realsense_camera_msgs_s__rosidl_typesupport_c.so
[4.673s] -- Installing: /workspace/ros2_ws/install/realsense_camera_msgs/lib/python3.12/site-packages/realsense_camera_msgs/_realsense_camera_msgs_s.ep.rosidl_typesupport_fastrtps_c.c
[4.673s] -- Installing: /workspace/ros2_ws/install/realsense_camera_msgs/lib/python3.12/site-packages/realsense_camera_msgs/_realsense_camera_msgs_s.ep.rosidl_typesupport_introspection_c.c
[4.673s] -- Installing: /workspace/ros2_ws/install/realsense_camera_msgs/lib/python3.12/site-packages/realsense_camera_msgs/realsense_camera_msgs_s__rosidl_typesupport_fastrtps_c.so
[4.673s] -- Installing: /workspace/ros2_ws/install/realsense_camera_msgs/lib/python3.12/site-packages/realsense_camera_msgs/msg
[4.673s] -- Installing: /workspace/ros2_ws/install/realsense_camera_msgs/lib/python3.12/site-packages/realsense_camera_msgs/msg/_extrinsics.py
[4.673s] -- Installing: /workspace/ros2_ws/install/realsense_camera_msgs/lib/python3.12/site-packages/realsense_camera_msgs/msg/_extrinsics_s.c
[4.674s] -- Installing: /workspace/ros2_ws/install/realsense_camera_msgs/lib/python3.12/site-packages/realsense_camera_msgs/msg/__init__.py
[4.674s] -- Installing: /workspace/ros2_ws/install/realsense_camera_msgs/lib/python3.12/site-packages/realsense_camera_msgs/msg/_imu_info.py
[4.674s] -- Installing: /workspace/ros2_ws/install/realsense_camera_msgs/lib/python3.12/site-packages/realsense_camera_msgs/msg/_imu_info_s.c
[4.674s] -- Installing: /workspace/ros2_ws/install/realsense_camera_msgs/lib/python3.12/site-packages/realsense_camera_msgs/__init__.py
[4.674s] -- Installing: /workspace/ros2_ws/install/realsense_camera_msgs/lib/python3.12/site-packages/realsense_camera_msgs/realsense_camera_msgs_s__rosidl_typesupport_introspection_c.so
[4.674s] -- Installing: /workspace/ros2_ws/install/realsense_camera_msgs/lib/python3.12/site-packages/realsense_camera_msgs/_realsense_camera_msgs_s.ep.rosidl_typesupport_c.c
[4.700s] Listing '/workspace/ros2_ws/install/realsense_camera_msgs/lib/python3.12/site-packages/realsense_camera_msgs'...
[4.700s] Compiling '/workspace/ros2_ws/install/realsense_camera_msgs/lib/python3.12/site-packages/realsense_camera_msgs/__init__.py'...
[4.700s] Listing '/workspace/ros2_ws/install/realsense_camera_msgs/lib/python3.12/site-packages/realsense_camera_msgs/msg'...
[4.700s] Compiling '/workspace/ros2_ws/install/realsense_camera_msgs/lib/python3.12/site-packages/realsense_camera_msgs/msg/__init__.py'...
[4.700s] Compiling '/workspace/ros2_ws/install/realsense_camera_msgs/lib/python3.12/site-packages/realsense_camera_msgs/msg/_extrinsics.py'...
[4.700s] Compiling '/workspace/ros2_ws/install/realsense_camera_msgs/lib/python3.12/site-packages/realsense_camera_msgs/msg/_imu_info.py'...
[4.705s] -- Installing: /workspace/ros2_ws/install/realsense_camera_msgs/lib/python3.12/site-packages/realsense_camera_msgs/realsense_camera_msgs_s__rosidl_typesupport_fastrtps_c.so
[4.705s] -- Set non-toolchain portion of runtime path of "/workspace/ros2_ws/install/realsense_camera_msgs/lib/python3.12/site-packages/realsense_camera_msgs/realsense_camera_msgs_s__rosidl_typesupport_fastrtps_c.so" to ""
[4.705s] -- Installing: /workspace/ros2_ws/install/realsense_camera_msgs/lib/python3.12/site-packages/realsense_camera_msgs/realsense_camera_msgs_s__rosidl_typesupport_introspection_c.so
[4.705s] -- Set non-toolchain portion of runtime path of "/workspace/ros2_ws/install/realsense_camera_msgs/lib/python3.12/site-packages/realsense_camera_msgs/realsense_camera_msgs_s__rosidl_typesupport_introspection_c.so" to ""
[4.706s] -- Installing: /workspace/ros2_ws/install/realsense_camera_msgs/lib/python3.12/site-packages/realsense_camera_msgs/realsense_camera_msgs_s__rosidl_typesupport_c.so
[4.706s] -- Set non-toolchain portion of runtime path of "/workspace/ros2_ws/install/realsense_camera_msgs/lib/python3.12/site-packages/realsense_camera_msgs/realsense_camera_msgs_s__rosidl_typesupport_c.so" to ""
[4.706s] -- Installing: /workspace/ros2_ws/install/realsense_camera_msgs/lib/librealsense_camera_msgs__rosidl_generator_py.so
[4.706s] -- Set non-toolchain portion of runtime path of "/workspace/ros2_ws/install/realsense_camera_msgs/lib/librealsense_camera_msgs__rosidl_generator_py.so" to ""
[4.706s] -- Installing: /workspace/ros2_ws/install/realsense_camera_msgs/share/realsense_camera_msgs/msg/IMUInfo.idl
[4.707s] -- Installing: /workspace/ros2_ws/install/realsense_camera_msgs/share/realsense_camera_msgs/msg/Extrinsics.idl
[4.707s] -- Installing: /workspace/ros2_ws/install/realsense_camera_msgs/share/realsense_camera_msgs/msg/IMUInfo.msg
[4.707s] -- Installing: /workspace/ros2_ws/install/realsense_camera_msgs/share/realsense_camera_msgs/msg/Extrinsics.msg
[4.708s] -- Installing: /workspace/ros2_ws/install/realsense_camera_msgs/share/ament_index/resource_index/package_run_dependencies/realsense_camera_msgs
[4.708s] -- Installing: /workspace/ros2_ws/install/realsense_camera_msgs/share/ament_index/resource_index/parent_prefix_path/realsense_camera_msgs
[4.709s] -- Installing: /workspace/ros2_ws/install/realsense_camera_msgs/share/realsense_camera_msgs/environment/ament_prefix_path.sh
[4.709s] -- Installing: /workspace/ros2_ws/install/realsense_camera_msgs/share/realsense_camera_msgs/environment/ament_prefix_path.dsv
[4.709s] -- Installing: /workspace/ros2_ws/install/realsense_camera_msgs/share/realsense_camera_msgs/environment/path.sh
[4.709s] -- Installing: /workspace/ros2_ws/install/realsense_camera_msgs/share/realsense_camera_msgs/environment/path.dsv
[4.709s] -- Installing: /workspace/ros2_ws/install/realsense_camera_msgs/share/realsense_camera_msgs/local_setup.bash
[4.709s] -- Installing: /workspace/ros2_ws/install/realsense_camera_msgs/share/realsense_camera_msgs/local_setup.sh
[4.709s] -- Installing: /workspace/ros2_ws/install/realsense_camera_msgs/share/realsense_camera_msgs/local_setup.zsh
[4.709s] -- Installing: /workspace/ros2_ws/install/realsense_camera_msgs/share/realsense_camera_msgs/local_setup.dsv
[4.709s] -- Installing: /workspace/ros2_ws/install/realsense_camera_msgs/share/realsense_camera_msgs/package.dsv
[4.709s] -- Installing: /workspace/ros2_ws/install/realsense_camera_msgs/share/ament_index/resource_index/packages/realsense_camera_msgs
[4.710s] -- Installing: /workspace/ros2_ws/install/realsense_camera_msgs/share/realsense_camera_msgs/cmake/export_realsense_camera_msgs__rosidl_generator_cExport.cmake
[4.710s] -- Installing: /workspace/ros2_ws/install/realsense_camera_msgs/share/realsense_camera_msgs/cmake/export_realsense_camera_msgs__rosidl_generator_cExport-noconfig.cmake
[4.710s] -- Installing: /workspace/ros2_ws/install/realsense_camera_msgs/share/realsense_camera_msgs/cmake/export_realsense_camera_msgs__rosidl_typesupport_fastrtps_cExport.cmake
[4.710s] -- Installing: /workspace/ros2_ws/install/realsense_camera_msgs/share/realsense_camera_msgs/cmake/export_realsense_camera_msgs__rosidl_typesupport_fastrtps_cExport-noconfig.cmake
[4.710s] -- Installing: /workspace/ros2_ws/install/realsense_camera_msgs/share/realsense_camera_msgs/cmake/realsense_camera_msgs__rosidl_typesupport_introspection_cExport.cmake
[4.710s] -- Installing: /workspace/ros2_ws/install/realsense_camera_msgs/share/realsense_camera_msgs/cmake/realsense_camera_msgs__rosidl_typesupport_introspection_cExport-noconfig.cmake
[4.711s] -- Installing: /workspace/ros2_ws/install/realsense_camera_msgs/share/realsense_camera_msgs/cmake/realsense_camera_msgs__rosidl_typesupport_cExport.cmake
[4.711s] -- Installing: /workspace/ros2_ws/install/realsense_camera_msgs/share/realsense_camera_msgs/cmake/realsense_camera_msgs__rosidl_typesupport_cExport-noconfig.cmake
[4.711s] -- Installing: /workspace/ros2_ws/install/realsense_camera_msgs/share/realsense_camera_msgs/cmake/export_realsense_camera_msgs__rosidl_generator_cppExport.cmake
[4.711s] -- Installing: /workspace/ros2_ws/install/realsense_camera_msgs/share/realsense_camera_msgs/cmake/export_realsense_camera_msgs__rosidl_typesupport_fastrtps_cppExport.cmake
[4.711s] -- Installing: /workspace/ros2_ws/install/realsense_camera_msgs/share/realsense_camera_msgs/cmake/export_realsense_camera_msgs__rosidl_typesupport_fastrtps_cppExport-noconfig.cmake
[4.711s] -- Installing: /workspace/ros2_ws/install/realsense_camera_msgs/share/realsense_camera_msgs/cmake/realsense_camera_msgs__rosidl_typesupport_introspection_cppExport.cmake
[4.711s] -- Installing: /workspace/ros2_ws/install/realsense_camera_msgs/share/realsense_camera_msgs/cmake/realsense_camera_msgs__rosidl_typesupport_introspection_cppExport-noconfig.cmake
[4.711s] -- Installing: /workspace/ros2_ws/install/realsense_camera_msgs/share/realsense_camera_msgs/cmake/realsense_camera_msgs__rosidl_typesupport_cppExport.cmake
[4.712s] -- Installing: /workspace/ros2_ws/install/realsense_camera_msgs/share/realsense_camera_msgs/cmake/realsense_camera_msgs__rosidl_typesupport_cppExport-noconfig.cmake
[4.712s] -- Installing: /workspace/ros2_ws/install/realsense_camera_msgs/share/realsense_camera_msgs/cmake/export_realsense_camera_msgs__rosidl_generator_pyExport.cmake
[4.712s] -- Installing: /workspace/ros2_ws/install/realsense_camera_msgs/share/realsense_camera_msgs/cmake/export_realsense_camera_msgs__rosidl_generator_pyExport-noconfig.cmake
[4.712s] -- Installing: /workspace/ros2_ws/install/realsense_camera_msgs/share/realsense_camera_msgs/cmake/rosidl_cmake-extras.cmake
[4.712s] -- Installing: /workspace/ros2_ws/install/realsense_camera_msgs/share/realsense_camera_msgs/cmake/ament_cmake_export_dependencies-extras.cmake
[4.712s] -- Installing: /workspace/ros2_ws/install/realsense_camera_msgs/share/realsense_camera_msgs/cmake/ament_cmake_export_include_directories-extras.cmake
[4.713s] -- Installing: /workspace/ros2_ws/install/realsense_camera_msgs/share/realsense_camera_msgs/cmake/ament_cmake_export_libraries-extras.cmake
[4.713s] -- Installing: /workspace/ros2_ws/install/realsense_camera_msgs/share/realsense_camera_msgs/cmake/ament_cmake_export_targets-extras.cmake
[4.713s] -- Installing: /workspace/ros2_ws/install/realsense_camera_msgs/share/realsense_camera_msgs/cmake/rosidl_cmake_export_typesupport_targets-extras.cmake
[4.713s] -- Installing: /workspace/ros2_ws/install/realsense_camera_msgs/share/realsense_camera_msgs/cmake/rosidl_cmake_export_typesupport_libraries-extras.cmake
[4.713s] -- Installing: /workspace/ros2_ws/install/realsense_camera_msgs/share/realsense_camera_msgs/cmake/realsense_camera_msgsConfig.cmake
[4.713s] -- Installing: /workspace/ros2_ws/install/realsense_camera_msgs/share/realsense_camera_msgs/cmake/realsense_camera_msgsConfig-version.cmake
[4.714s] -- Installing: /workspace/ros2_ws/install/realsense_camera_msgs/share/realsense_camera_msgs/package.xml
[4.716s] Invoked command in '/workspace/ros2_ws/build/realsense_camera_msgs' returned '0': CMAKE_PREFIX_PATH=${CMAKE_PREFIX_PATH}:/opt/ros/jazzy /usr/bin/cmake --install /workspace/ros2_ws/build/realsense_camera_msgs
