[0.589s] Invoking command in '/workspace/ros2_ws/src/virtual_realsense_camera': PYTHONPATH=/workspace/ros2_ws/build/virtual_realsense_camera/prefix_override:/usr/lib/python3/dist-packages/colcon_core/task/python/colcon_distutils_commands:/workspace/ros2_ws/install/virtual_realsense_camera/lib/python3.12/site-packages:${PYTHONPATH} /usr/bin/python3 -W ignore:setup.py install is deprecated -W ignore:easy_install command is deprecated setup.py egg_info --egg-base ../../build/virtual_realsense_camera build --build-base /workspace/ros2_ws/build/virtual_realsense_camera/build install --record /workspace/ros2_ws/build/virtual_realsense_camera/install.log --single-version-externally-managed install_data
[0.748s] running egg_info
[0.761s] writing ../../build/virtual_realsense_camera/virtual_realsense_camera.egg-info/PKG-INFO
[0.761s] writing dependency_links to ../../build/virtual_realsense_camera/virtual_realsense_camera.egg-info/dependency_links.txt
[0.761s] writing entry points to ../../build/virtual_realsense_camera/virtual_realsense_camera.egg-info/entry_points.txt
[0.762s] writing requirements to ../../build/virtual_realsense_camera/virtual_realsense_camera.egg-info/requires.txt
[0.762s] writing top-level names to ../../build/virtual_realsense_camera/virtual_realsense_camera.egg-info/top_level.txt
[0.787s] reading manifest file '../../build/virtual_realsense_camera/virtual_realsense_camera.egg-info/SOURCES.txt'
[0.787s] writing manifest file '../../build/virtual_realsense_camera/virtual_realsense_camera.egg-info/SOURCES.txt'
[0.788s] running build
[0.788s] running build_py
[0.788s] copying virtual_realsense_camera/virtual_depth_camera_node.py -> /workspace/ros2_ws/build/virtual_realsense_camera/build/lib/virtual_realsense_camera
[0.788s] copying virtual_realsense_camera/virtual_color_camera_node.py -> /workspace/ros2_ws/build/virtual_realsense_camera/build/lib/virtual_realsense_camera
[0.789s] running install
[0.794s] running install_lib
[0.804s] copying /workspace/ros2_ws/build/virtual_realsense_camera/build/lib/virtual_realsense_camera/virtual_depth_camera_node.py -> /workspace/ros2_ws/install/virtual_realsense_camera/lib/python3.12/site-packages/virtual_realsense_camera
[0.804s] copying /workspace/ros2_ws/build/virtual_realsense_camera/build/lib/virtual_realsense_camera/virtual_color_camera_node.py -> /workspace/ros2_ws/install/virtual_realsense_camera/lib/python3.12/site-packages/virtual_realsense_camera
[0.805s] byte-compiling /workspace/ros2_ws/install/virtual_realsense_camera/lib/python3.12/site-packages/virtual_realsense_camera/virtual_depth_camera_node.py to virtual_depth_camera_node.cpython-312.pyc
[0.806s] byte-compiling /workspace/ros2_ws/install/virtual_realsense_camera/lib/python3.12/site-packages/virtual_realsense_camera/virtual_color_camera_node.py to virtual_color_camera_node.cpython-312.pyc
[0.807s] running install_data
[0.807s] running install_egg_info
[0.817s] removing '/workspace/ros2_ws/install/virtual_realsense_camera/lib/python3.12/site-packages/virtual_realsense_camera-0.0.0-py3.12.egg-info' (and everything under it)
[0.817s] Copying ../../build/virtual_realsense_camera/virtual_realsense_camera.egg-info to /workspace/ros2_ws/install/virtual_realsense_camera/lib/python3.12/site-packages/virtual_realsense_camera-0.0.0-py3.12.egg-info
[0.819s] running install_scripts
[0.899s] Installing virtual_camera_node script to /workspace/ros2_ws/install/virtual_realsense_camera/lib/virtual_realsense_camera
[0.899s] Installing virtual_color_camera_node script to /workspace/ros2_ws/install/virtual_realsense_camera/lib/virtual_realsense_camera
[0.899s] Installing virtual_depth_camera_node script to /workspace/ros2_ws/install/virtual_realsense_camera/lib/virtual_realsense_camera
[0.900s] writing list of installed files to '/workspace/ros2_ws/build/virtual_realsense_camera/install.log'
[0.922s] Invoked command in '/workspace/ros2_ws/src/virtual_realsense_camera' returned '0': PYTHONPATH=/workspace/ros2_ws/build/virtual_realsense_camera/prefix_override:/usr/lib/python3/dist-packages/colcon_core/task/python/colcon_distutils_commands:/workspace/ros2_ws/install/virtual_realsense_camera/lib/python3.12/site-packages:${PYTHONPATH} /usr/bin/python3 -W ignore:setup.py install is deprecated -W ignore:easy_install command is deprecated setup.py egg_info --egg-base ../../build/virtual_realsense_camera build --build-base /workspace/ros2_ws/build/virtual_realsense_camera/build install --record /workspace/ros2_ws/build/virtual_realsense_camera/install.log --single-version-externally-managed install_data
