running egg_info
creating ../../build/virtual_realsense_camera/virtual_realsense_camera.egg-info
writing ../../build/virtual_realsense_camera/virtual_realsense_camera.egg-info/PKG-INFO
writing dependency_links to ../../build/virtual_realsense_camera/virtual_realsense_camera.egg-info/dependency_links.txt
writing entry points to ../../build/virtual_realsense_camera/virtual_realsense_camera.egg-info/entry_points.txt
writing requirements to ../../build/virtual_realsense_camera/virtual_realsense_camera.egg-info/requires.txt
writing top-level names to ../../build/virtual_realsense_camera/virtual_realsense_camera.egg-info/top_level.txt
writing manifest file '../../build/virtual_realsense_camera/virtual_realsense_camera.egg-info/SOURCES.txt'
reading manifest file '../../build/virtual_realsense_camera/virtual_realsense_camera.egg-info/SOURCES.txt'
writing manifest file '../../build/virtual_realsense_camera/virtual_realsense_camera.egg-info/SOURCES.txt'
running build
running build_py
creating /workspace/ros2_ws/build/virtual_realsense_camera/build
creating /workspace/ros2_ws/build/virtual_realsense_camera/build/lib
creating /workspace/ros2_ws/build/virtual_realsense_camera/build/lib/virtual_realsense_camera
copying virtual_realsense_camera/__init__.py -> /workspace/ros2_ws/build/virtual_realsense_camera/build/lib/virtual_realsense_camera
copying virtual_realsense_camera/virtual_camera_node.py -> /workspace/ros2_ws/build/virtual_realsense_camera/build/lib/virtual_realsense_camera
running install
running install_lib
creating /workspace/ros2_ws/install/virtual_realsense_camera/lib/python3.12/site-packages/virtual_realsense_camera
copying /workspace/ros2_ws/build/virtual_realsense_camera/build/lib/virtual_realsense_camera/__init__.py -> /workspace/ros2_ws/install/virtual_realsense_camera/lib/python3.12/site-packages/virtual_realsense_camera
copying /workspace/ros2_ws/build/virtual_realsense_camera/build/lib/virtual_realsense_camera/virtual_camera_node.py -> /workspace/ros2_ws/install/virtual_realsense_camera/lib/python3.12/site-packages/virtual_realsense_camera
byte-compiling /workspace/ros2_ws/install/virtual_realsense_camera/lib/python3.12/site-packages/virtual_realsense_camera/__init__.py to __init__.cpython-312.pyc
byte-compiling /workspace/ros2_ws/install/virtual_realsense_camera/lib/python3.12/site-packages/virtual_realsense_camera/virtual_camera_node.py to virtual_camera_node.cpython-312.pyc
running install_data
creating /workspace/ros2_ws/install/virtual_realsense_camera/share/ament_index
creating /workspace/ros2_ws/install/virtual_realsense_camera/share/ament_index/resource_index
creating /workspace/ros2_ws/install/virtual_realsense_camera/share/ament_index/resource_index/packages
copying resource/virtual_realsense_camera -> /workspace/ros2_ws/install/virtual_realsense_camera/share/ament_index/resource_index/packages
copying package.xml -> /workspace/ros2_ws/install/virtual_realsense_camera/share/virtual_realsense_camera
running install_egg_info
Copying ../../build/virtual_realsense_camera/virtual_realsense_camera.egg-info to /workspace/ros2_ws/install/virtual_realsense_camera/lib/python3.12/site-packages/virtual_realsense_camera-0.0.0-py3.12.egg-info
running install_scripts
Installing virtual_camera_node script to /workspace/ros2_ws/install/virtual_realsense_camera/lib/virtual_realsense_camera
writing list of installed files to '/workspace/ros2_ws/build/virtual_realsense_camera/install.log'
