[0.611s] Invoking command in '/workspace/ros2_ws/src/virtual_realsense_camera': PYTHONPATH=/workspace/ros2_ws/build/virtual_realsense_camera/prefix_override:/usr/lib/python3/dist-packages/colcon_core/task/python/colcon_distutils_commands:/workspace/ros2_ws/install/virtual_realsense_camera/lib/python3.12/site-packages:${PYTHONPATH} /usr/bin/python3 -W ignore:setup.py install is deprecated -W ignore:easy_install command is deprecated setup.py egg_info --egg-base ../../build/virtual_realsense_camera build --build-base /workspace/ros2_ws/build/virtual_realsense_camera/build install --record /workspace/ros2_ws/build/virtual_realsense_camera/install.log --single-version-externally-managed install_data
[0.762s] running egg_info
[0.762s] creating ../../build/virtual_realsense_camera/virtual_realsense_camera.egg-info
[0.771s] writing ../../build/virtual_realsense_camera/virtual_realsense_camera.egg-info/PKG-INFO
[0.772s] writing dependency_links to ../../build/virtual_realsense_camera/virtual_realsense_camera.egg-info/dependency_links.txt
[0.773s] writing entry points to ../../build/virtual_realsense_camera/virtual_realsense_camera.egg-info/entry_points.txt
[0.773s] writing requirements to ../../build/virtual_realsense_camera/virtual_realsense_camera.egg-info/requires.txt
[0.773s] writing top-level names to ../../build/virtual_realsense_camera/virtual_realsense_camera.egg-info/top_level.txt
[0.773s] writing manifest file '../../build/virtual_realsense_camera/virtual_realsense_camera.egg-info/SOURCES.txt'
[0.792s] reading manifest file '../../build/virtual_realsense_camera/virtual_realsense_camera.egg-info/SOURCES.txt'
[0.792s] writing manifest file '../../build/virtual_realsense_camera/virtual_realsense_camera.egg-info/SOURCES.txt'
[0.792s] running build
[0.792s] running build_py
[0.793s] creating /workspace/ros2_ws/build/virtual_realsense_camera/build
[0.793s] creating /workspace/ros2_ws/build/virtual_realsense_camera/build/lib
[0.793s] creating /workspace/ros2_ws/build/virtual_realsense_camera/build/lib/virtual_realsense_camera
[0.793s] copying virtual_realsense_camera/__init__.py -> /workspace/ros2_ws/build/virtual_realsense_camera/build/lib/virtual_realsense_camera
[0.794s] copying virtual_realsense_camera/virtual_camera_node.py -> /workspace/ros2_ws/build/virtual_realsense_camera/build/lib/virtual_realsense_camera
[0.794s] running install
[0.798s] running install_lib
[0.809s] creating /workspace/ros2_ws/install/virtual_realsense_camera/lib/python3.12/site-packages/virtual_realsense_camera
[0.809s] copying /workspace/ros2_ws/build/virtual_realsense_camera/build/lib/virtual_realsense_camera/__init__.py -> /workspace/ros2_ws/install/virtual_realsense_camera/lib/python3.12/site-packages/virtual_realsense_camera
[0.809s] copying /workspace/ros2_ws/build/virtual_realsense_camera/build/lib/virtual_realsense_camera/virtual_camera_node.py -> /workspace/ros2_ws/install/virtual_realsense_camera/lib/python3.12/site-packages/virtual_realsense_camera
[0.810s] byte-compiling /workspace/ros2_ws/install/virtual_realsense_camera/lib/python3.12/site-packages/virtual_realsense_camera/__init__.py to __init__.cpython-312.pyc
[0.810s] byte-compiling /workspace/ros2_ws/install/virtual_realsense_camera/lib/python3.12/site-packages/virtual_realsense_camera/virtual_camera_node.py to virtual_camera_node.cpython-312.pyc
[0.811s] running install_data
[0.811s] creating /workspace/ros2_ws/install/virtual_realsense_camera/share/ament_index
[0.811s] creating /workspace/ros2_ws/install/virtual_realsense_camera/share/ament_index/resource_index
[0.811s] creating /workspace/ros2_ws/install/virtual_realsense_camera/share/ament_index/resource_index/packages
[0.811s] copying resource/virtual_realsense_camera -> /workspace/ros2_ws/install/virtual_realsense_camera/share/ament_index/resource_index/packages
[0.812s] copying package.xml -> /workspace/ros2_ws/install/virtual_realsense_camera/share/virtual_realsense_camera
[0.812s] running install_egg_info
[0.823s] Copying ../../build/virtual_realsense_camera/virtual_realsense_camera.egg-info to /workspace/ros2_ws/install/virtual_realsense_camera/lib/python3.12/site-packages/virtual_realsense_camera-0.0.0-py3.12.egg-info
[0.825s] running install_scripts
[0.900s] Installing virtual_camera_node script to /workspace/ros2_ws/install/virtual_realsense_camera/lib/virtual_realsense_camera
[0.901s] writing list of installed files to '/workspace/ros2_ws/build/virtual_realsense_camera/install.log'
[0.919s] Invoked command in '/workspace/ros2_ws/src/virtual_realsense_camera' returned '0': PYTHONPATH=/workspace/ros2_ws/build/virtual_realsense_camera/prefix_override:/usr/lib/python3/dist-packages/colcon_core/task/python/colcon_distutils_commands:/workspace/ros2_ws/install/virtual_realsense_camera/lib/python3.12/site-packages:${PYTHONPATH} /usr/bin/python3 -W ignore:setup.py install is deprecated -W ignore:easy_install command is deprecated setup.py egg_info --egg-base ../../build/virtual_realsense_camera build --build-base /workspace/ros2_ws/build/virtual_realsense_camera/build install --record /workspace/ros2_ws/build/virtual_realsense_camera/install.log --single-version-externally-managed install_data
