/workspace/ros2_ws/install/virtual_realsense_camera/lib/python3.12/site-packages/virtual_realsense_camera/image_saver_node.py
/workspace/ros2_ws/install/virtual_realsense_camera/lib/python3.12/site-packages/virtual_realsense_camera/http_camera_bridge_node.py
/workspace/ros2_ws/install/virtual_realsense_camera/lib/python3.12/site-packages/virtual_realsense_camera/__init__.py
/workspace/ros2_ws/install/virtual_realsense_camera/lib/python3.12/site-packages/virtual_realsense_camera/virtual_depth_camera_node.py
/workspace/ros2_ws/install/virtual_realsense_camera/lib/python3.12/site-packages/virtual_realsense_camera/virtual_camera_node.py
/workspace/ros2_ws/install/virtual_realsense_camera/lib/python3.12/site-packages/virtual_realsense_camera/virtual_color_camera_node.py
/workspace/ros2_ws/install/virtual_realsense_camera/lib/python3.12/site-packages/virtual_realsense_camera/__pycache__/image_saver_node.cpython-312.pyc
/workspace/ros2_ws/install/virtual_realsense_camera/lib/python3.12/site-packages/virtual_realsense_camera/__pycache__/http_camera_bridge_node.cpython-312.pyc
/workspace/ros2_ws/install/virtual_realsense_camera/lib/python3.12/site-packages/virtual_realsense_camera/__pycache__/__init__.cpython-312.pyc
/workspace/ros2_ws/install/virtual_realsense_camera/lib/python3.12/site-packages/virtual_realsense_camera/__pycache__/virtual_depth_camera_node.cpython-312.pyc
/workspace/ros2_ws/install/virtual_realsense_camera/lib/python3.12/site-packages/virtual_realsense_camera/__pycache__/virtual_camera_node.cpython-312.pyc
/workspace/ros2_ws/install/virtual_realsense_camera/lib/python3.12/site-packages/virtual_realsense_camera/__pycache__/virtual_color_camera_node.cpython-312.pyc
/workspace/ros2_ws/install/virtual_realsense_camera/share/ament_index/resource_index/packages/virtual_realsense_camera
/workspace/ros2_ws/install/virtual_realsense_camera/share/virtual_realsense_camera/package.xml
/workspace/ros2_ws/install/virtual_realsense_camera/lib/python3.12/site-packages/virtual_realsense_camera-0.0.0-py3.12.egg-info/zip-safe
/workspace/ros2_ws/install/virtual_realsense_camera/lib/python3.12/site-packages/virtual_realsense_camera-0.0.0-py3.12.egg-info/requires.txt
/workspace/ros2_ws/install/virtual_realsense_camera/lib/python3.12/site-packages/virtual_realsense_camera-0.0.0-py3.12.egg-info/dependency_links.txt
/workspace/ros2_ws/install/virtual_realsense_camera/lib/python3.12/site-packages/virtual_realsense_camera-0.0.0-py3.12.egg-info/entry_points.txt
/workspace/ros2_ws/install/virtual_realsense_camera/lib/python3.12/site-packages/virtual_realsense_camera-0.0.0-py3.12.egg-info/SOURCES.txt
/workspace/ros2_ws/install/virtual_realsense_camera/lib/python3.12/site-packages/virtual_realsense_camera-0.0.0-py3.12.egg-info/top_level.txt
/workspace/ros2_ws/install/virtual_realsense_camera/lib/python3.12/site-packages/virtual_realsense_camera-0.0.0-py3.12.egg-info/PKG-INFO
/workspace/ros2_ws/install/virtual_realsense_camera/lib/virtual_realsense_camera/http_camera_bridge
/workspace/ros2_ws/install/virtual_realsense_camera/lib/virtual_realsense_camera/rgbd_image_saver
/workspace/ros2_ws/install/virtual_realsense_camera/lib/virtual_realsense_camera/virtual_camera_node
/workspace/ros2_ws/install/virtual_realsense_camera/lib/virtual_realsense_camera/virtual_color_camera_node
/workspace/ros2_ws/install/virtual_realsense_camera/lib/virtual_realsense_camera/virtual_depth_camera_node
