running egg_info
writing ../../build/virtual_realsense_camera/virtual_realsense_camera.egg-info/PKG-INFO
writing dependency_links to ../../build/virtual_realsense_camera/virtual_realsense_camera.egg-info/dependency_links.txt
writing entry points to ../../build/virtual_realsense_camera/virtual_realsense_camera.egg-info/entry_points.txt
writing requirements to ../../build/virtual_realsense_camera/virtual_realsense_camera.egg-info/requires.txt
writing top-level names to ../../build/virtual_realsense_camera/virtual_realsense_camera.egg-info/top_level.txt
reading manifest file '../../build/virtual_realsense_camera/virtual_realsense_camera.egg-info/SOURCES.txt'
writing manifest file '../../build/virtual_realsense_camera/virtual_realsense_camera.egg-info/SOURCES.txt'
running build
running build_py
copying virtual_realsense_camera/image_saver_node.py -> /workspace/ros2_ws/build/virtual_realsense_camera/build/lib/virtual_realsense_camera
running install
running install_lib
copying /workspace/ros2_ws/build/virtual_realsense_camera/build/lib/virtual_realsense_camera/image_saver_node.py -> /workspace/ros2_ws/install/virtual_realsense_camera/lib/python3.12/site-packages/virtual_realsense_camera
byte-compiling /workspace/ros2_ws/install/virtual_realsense_camera/lib/python3.12/site-packages/virtual_realsense_camera/image_saver_node.py to image_saver_node.cpython-312.pyc
running install_data
running install_egg_info
removing '/workspace/ros2_ws/install/virtual_realsense_camera/lib/python3.12/site-packages/virtual_realsense_camera-0.0.0-py3.12.egg-info' (and everything under it)
Copying ../../build/virtual_realsense_camera/virtual_realsense_camera.egg-info to /workspace/ros2_ws/install/virtual_realsense_camera/lib/python3.12/site-packages/virtual_realsense_camera-0.0.0-py3.12.egg-info
running install_scripts
Installing rgbd_image_saver script to /workspace/ros2_ws/install/virtual_realsense_camera/lib/virtual_realsense_camera
Installing virtual_camera_node script to /workspace/ros2_ws/install/virtual_realsense_camera/lib/virtual_realsense_camera
Installing virtual_color_camera_node script to /workspace/ros2_ws/install/virtual_realsense_camera/lib/virtual_realsense_camera
Installing virtual_depth_camera_node script to /workspace/ros2_ws/install/virtual_realsense_camera/lib/virtual_realsense_camera
writing list of installed files to '/workspace/ros2_ws/build/virtual_realsense_camera/install.log'
